Archive member included to satisfy reference by file (symbol)

/home/dok/Ac6/SystemWorkbench/plugins/fr.ac6.mcu.externaltools.arm-none.linux64_1.15.0.201708311556/tools/compiler/bin/../lib/gcc/arm-none-eabi/6.3.1/thumb/v7e-m/fpv4-sp/hard/libgcc.a(_aeabi_uldivmod.o)
                              Drivers/STM32L4xx_HAL_Driver/Src/stm32l4xx_hal_uart.o (__aeabi_uldivmod)
/home/dok/Ac6/SystemWorkbench/plugins/fr.ac6.mcu.externaltools.arm-none.linux64_1.15.0.201708311556/tools/compiler/bin/../lib/gcc/arm-none-eabi/6.3.1/thumb/v7e-m/fpv4-sp/hard/libgcc.a(_udivmoddi4.o)
                              /home/dok/Ac6/SystemWorkbench/plugins/fr.ac6.mcu.externaltools.arm-none.linux64_1.15.0.201708311556/tools/compiler/bin/../lib/gcc/arm-none-eabi/6.3.1/thumb/v7e-m/fpv4-sp/hard/libgcc.a(_aeabi_uldivmod.o) (__udivmoddi4)
/home/dok/Ac6/SystemWorkbench/plugins/fr.ac6.mcu.externaltools.arm-none.linux64_1.15.0.201708311556/tools/compiler/bin/../lib/gcc/arm-none-eabi/6.3.1/thumb/v7e-m/fpv4-sp/hard/libgcc.a(_dvmd_tls.o)
                              /home/dok/Ac6/SystemWorkbench/plugins/fr.ac6.mcu.externaltools.arm-none.linux64_1.15.0.201708311556/tools/compiler/bin/../lib/gcc/arm-none-eabi/6.3.1/thumb/v7e-m/fpv4-sp/hard/libgcc.a(_aeabi_uldivmod.o) (__aeabi_ldiv0)
/home/dok/Ac6/SystemWorkbench/plugins/fr.ac6.mcu.externaltools.arm-none.linux64_1.15.0.201708311556/tools/compiler/bin/../lib/gcc/arm-none-eabi/6.3.1/../../../../arm-none-eabi/lib/thumb/v7e-m/fpv4-sp/hard/libc_nano.a(lib_a-exit.o)
                              /home/dok/Ac6/SystemWorkbench/plugins/fr.ac6.mcu.externaltools.arm-none.linux64_1.15.0.201708311556/tools/compiler/bin/../lib/gcc/arm-none-eabi/6.3.1/../../../../arm-none-eabi/lib/thumb/v7e-m/fpv4-sp/hard/crt0.o (exit)
/home/dok/Ac6/SystemWorkbench/plugins/fr.ac6.mcu.externaltools.arm-none.linux64_1.15.0.201708311556/tools/compiler/bin/../lib/gcc/arm-none-eabi/6.3.1/../../../../arm-none-eabi/lib/thumb/v7e-m/fpv4-sp/hard/libc_nano.a(lib_a-impure.o)
                              /home/dok/Ac6/SystemWorkbench/plugins/fr.ac6.mcu.externaltools.arm-none.linux64_1.15.0.201708311556/tools/compiler/bin/../lib/gcc/arm-none-eabi/6.3.1/../../../../arm-none-eabi/lib/thumb/v7e-m/fpv4-sp/hard/libc_nano.a(lib_a-exit.o) (_global_impure_ptr)
/home/dok/Ac6/SystemWorkbench/plugins/fr.ac6.mcu.externaltools.arm-none.linux64_1.15.0.201708311556/tools/compiler/bin/../lib/gcc/arm-none-eabi/6.3.1/../../../../arm-none-eabi/lib/thumb/v7e-m/fpv4-sp/hard/libc_nano.a(lib_a-init.o)
                              /home/dok/Ac6/SystemWorkbench/plugins/fr.ac6.mcu.externaltools.arm-none.linux64_1.15.0.201708311556/tools/compiler/bin/../lib/gcc/arm-none-eabi/6.3.1/../../../../arm-none-eabi/lib/thumb/v7e-m/fpv4-sp/hard/crt0.o (__libc_init_array)
/home/dok/Ac6/SystemWorkbench/plugins/fr.ac6.mcu.externaltools.arm-none.linux64_1.15.0.201708311556/tools/compiler/bin/../lib/gcc/arm-none-eabi/6.3.1/../../../../arm-none-eabi/lib/thumb/v7e-m/fpv4-sp/hard/libc_nano.a(lib_a-memset.o)
                              /home/dok/Ac6/SystemWorkbench/plugins/fr.ac6.mcu.externaltools.arm-none.linux64_1.15.0.201708311556/tools/compiler/bin/../lib/gcc/arm-none-eabi/6.3.1/../../../../arm-none-eabi/lib/thumb/v7e-m/fpv4-sp/hard/crt0.o (memset)
/home/dok/Ac6/SystemWorkbench/plugins/fr.ac6.mcu.externaltools.arm-none.linux64_1.15.0.201708311556/tools/compiler/bin/../lib/gcc/arm-none-eabi/6.3.1/../../../../arm-none-eabi/lib/thumb/v7e-m/fpv4-sp/hard/libc_nano.a(lib_a-sprintf.o)
                              Src/MMA7455.o (sprintf)
/home/dok/Ac6/SystemWorkbench/plugins/fr.ac6.mcu.externaltools.arm-none.linux64_1.15.0.201708311556/tools/compiler/bin/../lib/gcc/arm-none-eabi/6.3.1/../../../../arm-none-eabi/lib/thumb/v7e-m/fpv4-sp/hard/libc_nano.a(lib_a-nano-svfprintf.o)
                              /home/dok/Ac6/SystemWorkbench/plugins/fr.ac6.mcu.externaltools.arm-none.linux64_1.15.0.201708311556/tools/compiler/bin/../lib/gcc/arm-none-eabi/6.3.1/../../../../arm-none-eabi/lib/thumb/v7e-m/fpv4-sp/hard/libc_nano.a(lib_a-sprintf.o) (_svfprintf_r)
/home/dok/Ac6/SystemWorkbench/plugins/fr.ac6.mcu.externaltools.arm-none.linux64_1.15.0.201708311556/tools/compiler/bin/../lib/gcc/arm-none-eabi/6.3.1/../../../../arm-none-eabi/lib/thumb/v7e-m/fpv4-sp/hard/libc_nano.a(lib_a-nano-vfprintf_i.o)
                              /home/dok/Ac6/SystemWorkbench/plugins/fr.ac6.mcu.externaltools.arm-none.linux64_1.15.0.201708311556/tools/compiler/bin/../lib/gcc/arm-none-eabi/6.3.1/../../../../arm-none-eabi/lib/thumb/v7e-m/fpv4-sp/hard/libc_nano.a(lib_a-nano-svfprintf.o) (_printf_i)
/home/dok/Ac6/SystemWorkbench/plugins/fr.ac6.mcu.externaltools.arm-none.linux64_1.15.0.201708311556/tools/compiler/bin/../lib/gcc/arm-none-eabi/6.3.1/../../../../arm-none-eabi/lib/thumb/v7e-m/fpv4-sp/hard/libc_nano.a(lib_a-memchr.o)
[...]
Memory Configuration

Name             Origin             Length             Attributes
RAM              0x0000000020000000 0x0000000000018000 xrw
RAM2             0x0000000010000000 0x0000000000008000 xrw
FLASH            0x0000000008000000 0x0000000000100000 xr
*default*        0x0000000000000000 0xffffffffffffffff

Linker script and memory map

LOAD /home/dok/Ac6/SystemWorkbench/plugins/fr.ac6.mcu.externaltools.arm-none.linux64_1.15.0.201708311556/tools/compiler/bin/../lib/gcc/arm-none-eabi/6.3.1/thumb/v7e-m/fpv4-sp/hard/crti.o
LOAD /home/dok/Ac6/SystemWorkbench/plugins/fr.ac6.mcu.externaltools.arm-none.linux64_1.15.0.201708311556/tools/compiler/bin/../lib/gcc/arm-none-eabi/6.3.1/thumb/v7e-m/fpv4-sp/hard/crtbegin.o
LOAD /home/dok/Ac6/SystemWorkbench/plugins/fr.ac6.mcu.externaltools.arm-none.linux64_1.15.0.201708311556/tools/compiler/bin/../lib/gcc/arm-none-eabi/6.3.1/../../../../arm-none-eabi/lib/thumb/v7e-m/fpv4-sp/hard/crt0.o
LOAD Drivers/STM32L4xx_HAL_Driver/Src/stm32l4xx_hal.o
LOAD Drivers/STM32L4xx_HAL_Driver/Src/stm32l4xx_hal_cortex.o
LOAD Drivers/STM32L4xx_HAL_Driver/Src/stm32l4xx_hal_dma.o
LOAD Drivers/STM32L4xx_HAL_Driver/Src/stm32l4xx_hal_dma_ex.o
LOAD Drivers/STM32L4xx_HAL_Driver/Src/stm32l4xx_hal_flash.o
LOAD Drivers/STM32L4xx_HAL_Driver/Src/stm32l4xx_hal_flash_ex.o
LOAD Drivers/STM32L4xx_HAL_Driver/Src/stm32l4xx_hal_flash_ramfunc.o
LOAD Drivers/STM32L4xx_HAL_Driver/Src/stm32l4xx_hal_gpio.o
LOAD Drivers/STM32L4xx_HAL_Driver/Src/stm32l4xx_hal_i2c.o
LOAD Drivers/STM32L4xx_HAL_Driver/Src/stm32l4xx_hal_i2c_ex.o
LOAD Drivers/STM32L4xx_HAL_Driver/Src/stm32l4xx_hal_pwr.o
LOAD Drivers/STM32L4xx_HAL_Driver/Src/stm32l4xx_hal_pwr_ex.o
LOAD Drivers/STM32L4xx_HAL_Driver/Src/stm32l4xx_hal_rcc.o
LOAD Drivers/STM32L4xx_HAL_Driver/Src/stm32l4xx_hal_rcc_ex.o
LOAD Drivers/STM32L4xx_HAL_Driver/Src/stm32l4xx_hal_tim.o
LOAD Drivers/STM32L4xx_HAL_Driver/Src/stm32l4xx_hal_tim_ex.o
LOAD Drivers/STM32L4xx_HAL_Driver/Src/stm32l4xx_hal_uart.o
LOAD Drivers/STM32L4xx_HAL_Driver/Src/stm32l4xx_hal_uart_ex.o
LOAD Src/MMA7455.o
LOAD Src/fonts.o
LOAD Src/main.o
LOAD Src/ssd1306.o
LOAD Src/stm32l4xx_hal_msp.o
LOAD Src/stm32l4xx_it.o
LOAD Src/system_stm32l4xx.o
LOAD startup/startup_stm32l476xx.o
LOAD /home/dok/Ac6/SystemWorkbench/plugins/fr.ac6.mcu.externaltools.arm-none.linux64_1.15.0.201708311556/tools/compiler/bin/../lib/gcc/arm-none-eabi/6.3.1/../../../../arm-none-eabi/lib/thumb/v7e-m/fpv4-sp/hard/libm.a
START GROUP
LOAD /home/dok/Ac6/SystemWorkbench/plugins/fr.ac6.mcu.externaltools.arm-none.linux64_1.15.0.201708311556/tools/compiler/bin/../lib/gcc/arm-none-eabi/6.3.1/thumb/v7e-m/fpv4-sp/hard/libgcc.a
LOAD /home/dok/Ac6/SystemWorkbench/plugins/fr.ac6.mcu.externaltools.arm-none.linux64_1.15.0.201708311556/tools/compiler/bin/../lib/gcc/arm-none-eabi/6.3.1/../../../../arm-none-eabi/lib/thumb/v7e-m/fpv4-sp/hard/libc_nano.a
END GROUP
START GROUP
LOAD /home/dok/Ac6/SystemWorkbench/plugins/fr.ac6.mcu.externaltools.arm-none.linux64_1.15.0.201708311556/tools/compiler/bin/../lib/gcc/arm-none-eabi/6.3.1/thumb/v7e-m/fpv4-sp/hard/libgcc.a
LOAD /home/dok/Ac6/SystemWorkbench/plugins/fr.ac6.mcu.externaltools.arm-none.linux64_1.15.0.201708311556/tools/compiler/bin/../lib/gcc/arm-none-eabi/6.3.1/../../../../arm-none-eabi/lib/thumb/v7e-m/fpv4-sp/hard/libc_nano.a
LOAD /home/dok/Ac6/SystemWorkbench/plugins/fr.ac6.mcu.externaltools.arm-none.linux64_1.15.0.201708311556/tools/compiler/bin/../lib/gcc/arm-none-eabi/6.3.1/../../../../arm-none-eabi/lib/thumb/v7e-m/fpv4-sp/hard/libnosys.a
END GROUP
START GROUP
LOAD /home/dok/Ac6/SystemWorkbench/plugins/fr.ac6.mcu.externaltools.arm-none.linux64_1.15.0.201708311556/tools/compiler/bin/../lib/gcc/arm-none-eabi/6.3.1/thumb/v7e-m/fpv4-sp/hard/libgcc.a
LOAD /home/dok/Ac6/SystemWorkbench/plugins/fr.ac6.mcu.externaltools.arm-none.linux64_1.15.0.201708311556/tools/compiler/bin/../lib/gcc/arm-none-eabi/6.3.1/../../../../arm-none-eabi/lib/thumb/v7e-m/fpv4-sp/hard/libc_nano.a
LOAD /home/dok/Ac6/SystemWorkbench/plugins/fr.ac6.mcu.externaltools.arm-none.linux64_1.15.0.201708311556/tools/compiler/bin/../lib/gcc/arm-none-eabi/6.3.1/../../../../arm-none-eabi/lib/thumb/v7e-m/fpv4-sp/hard/libnosys.a
END GROUP
LOAD /home/dok/Ac6/SystemWorkbench/plugins/fr.ac6.mcu.externaltools.arm-none.linux64_1.15.0.201708311556/tools/compiler/bin/../lib/gcc/arm-none-eabi/6.3.1/thumb/v7e-m/fpv4-sp/hard/crtend.o
LOAD /home/dok/Ac6/SystemWorkbench/plugins/fr.ac6.mcu.externaltools.arm-none.linux64_1.15.0.201708311556/tools/compiler/bin/../lib/gcc/arm-none-eabi/6.3.1/thumb/v7e-m/fpv4-sp/hard/crtn.o
                0x0000000020018000                _estack = 0x20018000
                0x0000000000000200                _Min_Heap_Size = 0x200
                0x0000000000000400                _Min_Stack_Size = 0x400

.isr_vector     0x0000000008000000      0x188
                0x0000000008000000                . = ALIGN (0x8)
 *(.isr_vector)
 .isr_vector    0x0000000008000000      0x188 startup/startup_stm32l476xx.o
                0x0000000008000000                g_pfnVectors
                0x0000000008000188                . = ALIGN (0x8)

.text           0x0000000008000190     0x36c0
                0x0000000008000190                . = ALIGN (0x8)
 *(.text)
 .text          0x0000000008000190       0x6c /home/dok/Ac6/SystemWorkbench/plugins/fr.ac6.mcu.externaltools.arm-none.linux64_1.15.0.201708311556/tools/compiler/bin/../lib/gcc/arm-none-eabi/6.3.1/thumb/v7e-m/fpv4-sp/hard/crtbegin.o
 .text          0x00000000080001fc       0x30 /home/dok/Ac6/SystemWorkbench/plugins/fr.ac6.mcu.externaltools.arm-none.linux64_1.15.0.201708311556/tools/compiler/bin/../lib/gcc/arm-none-eabi/6.3.1/thumb/v7e-m/fpv4-sp/hard/libgcc.a(_aeabi_uldivmod.o)
                0x00000000080001fc                __aeabi_uldivmod
 .text          0x000000000800022c      0x2dc /home/dok/Ac6/SystemWorkbench/plugins/fr.ac6.mcu.externaltools.arm-none.linux64_1.15.0.201708311556/tools/compiler/bin/../lib/gcc/arm-none-eabi/6.3.1/thumb/v7e-m/fpv4-sp/hard/libgcc.a(_udivmoddi4.o)
                0x000000000800022c                __udivmoddi4
 .text          0x0000000008000508        0x4 /home/dok/Ac6/SystemWorkbench/plugins/fr.ac6.mcu.externaltools.arm-none.linux64_1.15.0.201708311556/tools/compiler/bin/../lib/gcc/arm-none-eabi/6.3.1/thumb/v7e-m/fpv4-sp/hard/libgcc.a(_dvmd_tls.o)
                0x0000000008000508                __aeabi_ldiv0
                0x0000000008000508                __aeabi_idiv0
 *fill*         0x000000000800050c        0x4 
 .text          0x0000000008000510       0xa0 /home/dok/Ac6/SystemWorkbench/plugins/fr.ac6.mcu.externaltools.arm-none.linux64_1.15.0.201708311556/tools/compiler/bin/../lib/gcc/arm-none-eabi/6.3.1/../../../../arm-none-eabi/lib/thumb/v7e-m/fpv4-sp/hard/libc_nano.a(lib_a-memchr.o)
                0x0000000008000510                memchr
 *(.text*)
 .text.HAL_InitTick
                0x00000000080005b0       0x2c Drivers/STM32L4xx_HAL_Driver/Src/stm32l4xx_hal.o
                0x00000000080005b0                HAL_InitTick
 .text.HAL_Init
                0x00000000080005dc       0x24 Drivers/STM32L4xx_HAL_Driver/Src/stm32l4xx_hal.o
                0x00000000080005dc                HAL_Init
 .text.HAL_IncTick
                0x0000000008000600       0x10 Drivers/STM32L4xx_HAL_Driver/Src/stm32l4xx_hal.o
                0x0000000008000600                HAL_IncTick
 .text.HAL_GetTick
                0x0000000008000610        0xc Drivers/STM32L4xx_HAL_Driver/Src/stm32l4xx_hal.o
                0x0000000008000610                HAL_GetTick
 .text.HAL_Delay
                0x000000000800061c       0x1e Drivers/STM32L4xx_HAL_Driver/Src/stm32l4xx_hal.o
                0x000000000800061c                HAL_Delay
 *fill*         0x000000000800063a        0x2 
 .text.HAL_NVIC_SetPriorityGrouping
                0x000000000800063c       0x24 Drivers/STM32L4xx_HAL_Driver/Src/stm32l4xx_hal_cortex.o
                0x000000000800063c                HAL_NVIC_SetPriorityGrouping
 .text.HAL_NVIC_SetPriority
                0x0000000008000660       0x64 Drivers/STM32L4xx_HAL_Driver/Src/stm32l4xx_hal_cortex.o
                0x0000000008000660                HAL_NVIC_SetPriority
 .text.HAL_SYSTICK_Config
                0x00000000080006c4       0x2c Drivers/STM32L4xx_HAL_Driver/Src/stm32l4xx_hal_cortex.o
                0x00000000080006c4                HAL_SYSTICK_Config
 .text.HAL_SYSTICK_CLKSourceConfig
                0x00000000080006f0       0x20 Drivers/STM32L4xx_HAL_Driver/Src/stm32l4xx_hal_cortex.o
                0x00000000080006f0                HAL_SYSTICK_CLKSourceConfig
 .text.HAL_SYSTICK_Callback
                0x0000000008000710        0x2 Drivers/STM32L4xx_HAL_Driver/Src/stm32l4xx_hal_cortex.o
                0x0000000008000710                HAL_SYSTICK_Callback
 .text.HAL_SYSTICK_IRQHandler
                0x0000000008000712        0x8 Drivers/STM32L4xx_HAL_Driver/Src/stm32l4xx_hal_cortex.o
                0x0000000008000712                HAL_SYSTICK_IRQHandler
 *fill*         0x000000000800071a        0x2 
 .text.HAL_GPIO_Init
                0x000000000800071c      0x1d4 Drivers/STM32L4xx_HAL_Driver/Src/stm32l4xx_hal_gpio.o
                0x000000000800071c                HAL_GPIO_Init
 .text.HAL_GPIO_WritePin
                0x00000000080008f0        0xa Drivers/STM32L4xx_HAL_Driver/Src/stm32l4xx_hal_gpio.o
                0x00000000080008f0                HAL_GPIO_WritePin
 .text.I2C_Flush_TXDR
                0x00000000080008fa       0x22 Drivers/STM32L4xx_HAL_Driver/Src/stm32l4xx_hal_i2c.o
 .text.I2C_TransferConfig
                0x000000000800091c       0x36 Drivers/STM32L4xx_HAL_Driver/Src/stm32l4xx_hal_i2c.o
 .text.I2C_IsAcknowledgeFailed
                0x0000000008000952       0x82 Drivers/STM32L4xx_HAL_Driver/Src/stm32l4xx_hal_i2c.o
 .text.I2C_WaitOnTXISFlagUntilTimeout
                0x00000000080009d4       0x54 Drivers/STM32L4xx_HAL_Driver/Src/stm32l4xx_hal_i2c.o
 .text.I2C_WaitOnFlagUntilTimeout
                0x0000000008000a28       0x48 Drivers/STM32L4xx_HAL_Driver/Src/stm32l4xx_hal_i2c.o
 .text.I2C_RequestMemoryWrite
                0x0000000008000a70       0x88 Drivers/STM32L4xx_HAL_Driver/Src/stm32l4xx_hal_i2c.o
 .text.I2C_RequestMemoryRead
                0x0000000008000af8       0x84 Drivers/STM32L4xx_HAL_Driver/Src/stm32l4xx_hal_i2c.o
 .text.I2C_WaitOnSTOPFlagUntilTimeout
                0x0000000008000b7c       0x4e Drivers/STM32L4xx_HAL_Driver/Src/stm32l4xx_hal_i2c.o
 .text.HAL_I2C_Init
                0x0000000008000bca       0xbc Drivers/STM32L4xx_HAL_Driver/Src/stm32l4xx_hal_i2c.o
                0x0000000008000bca                HAL_I2C_Init
 .text.HAL_I2C_Mem_Write
                0x0000000008000c86      0x1cc Drivers/STM32L4xx_HAL_Driver/Src/stm32l4xx_hal_i2c.o
                0x0000000008000c86                HAL_I2C_Mem_Write
 *fill*         0x0000000008000e52        0x2 
 .text.HAL_I2C_Mem_Read
                0x0000000008000e54      0x1c8 Drivers/STM32L4xx_HAL_Driver/Src/stm32l4xx_hal_i2c.o
                0x0000000008000e54                HAL_I2C_Mem_Read
 .text.HAL_I2CEx_ConfigAnalogFilter
                0x000000000800101c       0x5c Drivers/STM32L4xx_HAL_Driver/Src/stm32l4xx_hal_i2c_ex.o
                0x000000000800101c                HAL_I2CEx_ConfigAnalogFilter
 .text.HAL_I2CEx_ConfigDigitalFilter
                0x0000000008001078       0x58 Drivers/STM32L4xx_HAL_Driver/Src/stm32l4xx_hal_i2c_ex.o
                0x0000000008001078                HAL_I2CEx_ConfigDigitalFilter
 .text.HAL_PWREx_GetVoltageRange
                0x00000000080010d0       0x10 Drivers/STM32L4xx_HAL_Driver/Src/stm32l4xx_hal_pwr_ex.o
                0x00000000080010d0                HAL_PWREx_GetVoltageRange
 .text.HAL_PWREx_ControlVoltageScaling
                0x00000000080010e0       0x90 Drivers/STM32L4xx_HAL_Driver/Src/stm32l4xx_hal_pwr_ex.o
                0x00000000080010e0                HAL_PWREx_ControlVoltageScaling
 .text.RCC_SetFlashLatencyFromMSIRange
                0x0000000008001170       0x90 Drivers/STM32L4xx_HAL_Driver/Src/stm32l4xx_hal_rcc.o
 .text.HAL_RCC_GetSysClockFreq
                0x0000000008001200      0x100 Drivers/STM32L4xx_HAL_Driver/Src/stm32l4xx_hal_rcc.o
                0x0000000008001200                HAL_RCC_GetSysClockFreq
 .text.HAL_RCC_OscConfig
                0x0000000008001300      0x574 Drivers/STM32L4xx_HAL_Driver/Src/stm32l4xx_hal_rcc.o
                0x0000000008001300                HAL_RCC_OscConfig
 .text.HAL_RCC_ClockConfig
                0x0000000008001874      0x1ac Drivers/STM32L4xx_HAL_Driver/Src/stm32l4xx_hal_rcc.o
                0x0000000008001874                HAL_RCC_ClockConfig
 .text.HAL_RCC_GetHCLKFreq
                0x0000000008001a20        0xc Drivers/STM32L4xx_HAL_Driver/Src/stm32l4xx_hal_rcc.o
                0x0000000008001a20                HAL_RCC_GetHCLKFreq
 .text.HAL_RCC_GetPCLK1Freq
                0x0000000008001a2c       0x20 Drivers/STM32L4xx_HAL_Driver/Src/stm32l4xx_hal_rcc.o
                0x0000000008001a2c                HAL_RCC_GetPCLK1Freq
 .text.HAL_RCC_GetPCLK2Freq
                0x0000000008001a4c       0x20 Drivers/STM32L4xx_HAL_Driver/Src/stm32l4xx_hal_rcc.o
                0x0000000008001a4c                HAL_RCC_GetPCLK2Freq
 .text.RCCEx_PLLSAI1_Config
                0x0000000008001a6c      0x180 Drivers/STM32L4xx_HAL_Driver/Src/stm32l4xx_hal_rcc_ex.o
 .text.RCCEx_PLLSAI2_Config
                0x0000000008001bec      0x15c Drivers/STM32L4xx_HAL_Driver/Src/stm32l4xx_hal_rcc_ex.o
 .text.HAL_RCCEx_PeriphCLKConfig
                0x0000000008001d48      0x44c Drivers/STM32L4xx_HAL_Driver/Src/stm32l4xx_hal_rcc_ex.o
                0x0000000008001d48                HAL_RCCEx_PeriphCLKConfig
 .text.UART_SetConfig
                0x0000000008002194      0x410 Drivers/STM32L4xx_HAL_Driver/Src/stm32l4xx_hal_uart.o
                0x0000000008002194                UART_SetConfig
 .text.UART_AdvFeatureConfig
                0x00000000080025a4       0xca Drivers/STM32L4xx_HAL_Driver/Src/stm32l4xx_hal_uart.o
                0x00000000080025a4                UART_AdvFeatureConfig
 .text.UART_WaitOnFlagUntilTimeout
                0x000000000800266e       0x64 Drivers/STM32L4xx_HAL_Driver/Src/stm32l4xx_hal_uart.o
                0x000000000800266e                UART_WaitOnFlagUntilTimeout
 .text.UART_CheckIdleState
                0x00000000080026d2       0x70 Drivers/STM32L4xx_HAL_Driver/Src/stm32l4xx_hal_uart.o
                0x00000000080026d2                UART_CheckIdleState
 .text.HAL_UART_Init
                0x0000000008002742       0x68 Drivers/STM32L4xx_HAL_Driver/Src/stm32l4xx_hal_uart.o
                0x0000000008002742                HAL_UART_Init
 *fill*         0x00000000080027aa        0x2 
 .text.JSC_MMA7455_Init
                0x00000000080027ac       0x2c Src/MMA7455.o
                0x00000000080027ac                JSC_MMA7455_Init
 .text.JSC_MMA7455_Read_8Bit_All
                0x00000000080027d8       0x94 Src/MMA7455.o
                0x00000000080027d8                JSC_MMA7455_Read_8Bit_All
 .text.MX_GPIO_Init
                0x000000000800286c       0x98 Src/main.o
 .text._Error_Handler
                0x0000000008002904        0x2 Src/main.o
                0x0000000008002904                _Error_Handler
 *fill*         0x0000000008002906        0x2 
 .text.MX_USART2_UART_Init
                0x0000000008002908       0x44 Src/main.o
 .text.MX_I2C1_Init
                0x000000000800294c       0x64 Src/main.o
 .text.SystemClock_Config
                0x00000000080029b0       0xb4 Src/main.o
                0x00000000080029b0                SystemClock_Config
 .text.main     0x0000000008002a64       0xa8 Src/main.o
                0x0000000008002a64                main
 .text.ssd1306_WriteCommand
                0x0000000008002b0c       0x28 Src/ssd1306.o
 .text.ssd1306_Fill
                0x0000000008002b34       0x20 Src/ssd1306.o
                0x0000000008002b34                ssd1306_Fill
 .text.ssd1306_UpdateScreen
                0x0000000008002b54       0x50 Src/ssd1306.o
                0x0000000008002b54                ssd1306_UpdateScreen
 .text.ssd1306_Init
                0x0000000008002ba4       0xd4 Src/ssd1306.o
                0x0000000008002ba4                ssd1306_Init
 .text.ssd1306_DrawPixel
                0x0000000008002c78       0x54 Src/ssd1306.o
                0x0000000008002c78                ssd1306_DrawPixel
 .text.ssd1306_WriteChar
                0x0000000008002ccc       0xb4 Src/ssd1306.o
                0x0000000008002ccc                ssd1306_WriteChar
 .text.ssd1306_WriteString
                0x0000000008002d80       0x30 Src/ssd1306.o
                0x0000000008002d80                ssd1306_WriteString
 .text.ssd1306_SetCursor
                0x0000000008002db0       0x10 Src/ssd1306.o
                0x0000000008002db0                ssd1306_SetCursor
 .text.HAL_MspInit
                0x0000000008002dc0       0x90 Src/stm32l4xx_hal_msp.o
                0x0000000008002dc0                HAL_MspInit
 .text.HAL_I2C_MspInit
                0x0000000008002e50       0x54 Src/stm32l4xx_hal_msp.o
                0x0000000008002e50                HAL_I2C_MspInit
 .text.HAL_UART_MspInit
                0x0000000008002ea4       0x4c Src/stm32l4xx_hal_msp.o
                0x0000000008002ea4                HAL_UART_MspInit
 .text.SysTick_Handler
                0x0000000008002ef0        0xc Src/stm32l4xx_it.o
                0x0000000008002ef0                SysTick_Handler
 .text.SystemInit
                0x0000000008002efc       0x48 Src/system_stm32l4xx.o
                0x0000000008002efc                SystemInit
 .text.Reset_Handler
                0x0000000008002f44       0x50 startup/startup_stm32l476xx.o
                0x0000000008002f44                Reset_Handler
 .text.Default_Handler
                0x0000000008002f94        0x2 startup/startup_stm32l476xx.o
                0x0000000008002f94                RTC_Alarm_IRQHandler
                0x0000000008002f94                EXTI2_IRQHandler
                0x0000000008002f94                TIM8_TRG_COM_IRQHandler
                0x0000000008002f94                TIM8_CC_IRQHandler
                0x0000000008002f94                DebugMon_Handler
                0x0000000008002f94                TIM1_CC_IRQHandler
                0x0000000008002f94                TSC_IRQHandler
                0x0000000008002f94                HardFault_Handler
                0x0000000008002f94                TAMP_STAMP_IRQHandler
                0x0000000008002f94                PendSV_Handler
                0x0000000008002f94                NMI_Handler
                0x0000000008002f94                EXTI3_IRQHandler
                0x0000000008002f94                LPTIM2_IRQHandler
                0x0000000008002f94                DFSDM1_FLT1_IRQHandler
                0x0000000008002f94                I2C3_ER_IRQHandler
                0x0000000008002f94                DFSDM1_FLT2_IRQHandler
                0x0000000008002f94                EXTI0_IRQHandler
                0x0000000008002f94                I2C2_EV_IRQHandler
                0x0000000008002f94                CAN1_RX0_IRQHandler
                0x0000000008002f94                FPU_IRQHandler
                0x0000000008002f94                TIM1_UP_TIM16_IRQHandler
                0x0000000008002f94                UsageFault_Handler
                0x0000000008002f94                ADC1_2_IRQHandler
                0x0000000008002f94                SPI1_IRQHandler
                0x0000000008002f94                TIM6_DAC_IRQHandler
                0x0000000008002f94                TIM8_UP_IRQHandler
                0x0000000008002f94                DMA2_Channel2_IRQHandler
                0x0000000008002f94                DMA1_Channel4_IRQHandler
                0x0000000008002f94                SAI2_IRQHandler
                0x0000000008002f94                DFSDM1_FLT3_IRQHandler
                0x0000000008002f94                USART3_IRQHandler
                0x0000000008002f94                DMA1_Channel7_IRQHandler
                0x0000000008002f94                CAN1_RX1_IRQHandler
                0x0000000008002f94                LCD_IRQHandler
                0x0000000008002f94                UART5_IRQHandler
                0x0000000008002f94                ADC3_IRQHandler
                0x0000000008002f94                TIM4_IRQHandler
                0x0000000008002f94                DMA2_Channel1_IRQHandler
                0x0000000008002f94                QUADSPI_IRQHandler
                0x0000000008002f94                I2C1_EV_IRQHandler
                0x0000000008002f94                DMA1_Channel6_IRQHandler
                0x0000000008002f94                UART4_IRQHandler
                0x0000000008002f94                DMA2_Channel4_IRQHandler
                0x0000000008002f94                TIM3_IRQHandler
                0x0000000008002f94                RCC_IRQHandler
                0x0000000008002f94                DMA1_Channel1_IRQHandler
                0x0000000008002f94                Default_Handler
                0x0000000008002f94                DMA2_Channel7_IRQHandler
                0x0000000008002f94                EXTI15_10_IRQHandler
                0x0000000008002f94                TIM7_IRQHandler
                0x0000000008002f94                SDMMC1_IRQHandler
                0x0000000008002f94                TIM5_IRQHandler
                0x0000000008002f94                I2C3_EV_IRQHandler
                0x0000000008002f94                EXTI9_5_IRQHandler
                0x0000000008002f94                RTC_WKUP_IRQHandler
                0x0000000008002f94                PVD_PVM_IRQHandler
                0x0000000008002f94                SPI2_IRQHandler
                0x0000000008002f94                MemManage_Handler
                0x0000000008002f94                CAN1_TX_IRQHandler
                0x0000000008002f94                SVC_Handler
                0x0000000008002f94                DMA2_Channel5_IRQHandler
                0x0000000008002f94                DMA1_Channel5_IRQHandler
                0x0000000008002f94                EXTI4_IRQHandler
                0x0000000008002f94                RNG_IRQHandler
                0x0000000008002f94                TIM1_TRG_COM_TIM17_IRQHandler
                0x0000000008002f94                DMA1_Channel3_IRQHandler
                0x0000000008002f94                COMP_IRQHandler
                0x0000000008002f94                WWDG_IRQHandler
                0x0000000008002f94                LPUART1_IRQHandler
                0x0000000008002f94                DMA2_Channel6_IRQHandler
                0x0000000008002f94                TIM2_IRQHandler
                0x0000000008002f94                EXTI1_IRQHandler
                0x0000000008002f94                USART2_IRQHandler
                0x0000000008002f94                DFSDM1_FLT0_IRQHandler
                0x0000000008002f94                I2C2_ER_IRQHandler
                0x0000000008002f94                DMA1_Channel2_IRQHandler
                0x0000000008002f94                TIM8_BRK_IRQHandler
                0x0000000008002f94                CAN1_SCE_IRQHandler
                0x0000000008002f94                FLASH_IRQHandler
                0x0000000008002f94                BusFault_Handler
                0x0000000008002f94                USART1_IRQHandler
                0x0000000008002f94                OTG_FS_IRQHandler
                0x0000000008002f94                SPI3_IRQHandler
                0x0000000008002f94                I2C1_ER_IRQHandler
                0x0000000008002f94                FMC_IRQHandler
                0x0000000008002f94                SWPMI1_IRQHandler
                0x0000000008002f94                LPTIM1_IRQHandler
                0x0000000008002f94                SAI1_IRQHandler
                0x0000000008002f94                DMA2_Channel3_IRQHandler
                0x0000000008002f94                TIM1_BRK_TIM15_IRQHandler
 *fill*         0x0000000008002f96        0x2 
 .text.__libc_init_array
                0x0000000008002f98       0x48 /home/dok/Ac6/SystemWorkbench/plugins/fr.ac6.mcu.externaltools.arm-none.linux64_1.15.0.201708311556/tools/compiler/bin/../lib/gcc/arm-none-eabi/6.3.1/../../../../arm-none-eabi/lib/thumb/v7e-m/fpv4-sp/hard/libc_nano.a(lib_a-init.o)
                0x0000000008002f98                __libc_init_array
 .text.sprintf  0x0000000008002fe0       0x48 /home/dok/Ac6/SystemWorkbench/plugins/fr.ac6.mcu.externaltools.arm-none.linux64_1.15.0.201708311556/tools/compiler/bin/../lib/gcc/arm-none-eabi/6.3.1/../../../../arm-none-eabi/lib/thumb/v7e-m/fpv4-sp/hard/libc_nano.a(lib_a-sprintf.o)
                0x0000000008002fe0                sprintf
                0x0000000008002fe0                siprintf
 .text.__ssputs_r
                0x0000000008003028       0xb6 /home/dok/Ac6/SystemWorkbench/plugins/fr.ac6.mcu.externaltools.arm-none.linux64_1.15.0.201708311556/tools/compiler/bin/../lib/gcc/arm-none-eabi/6.3.1/../../../../arm-none-eabi/lib/thumb/v7e-m/fpv4-sp/hard/libc_nano.a(lib_a-nano-svfprintf.o)
                0x0000000008003028                __ssputs_r
 *fill*         0x00000000080030de        0x2 
 .text._svfprintf_r
                0x00000000080030e0      0x1e8 /home/dok/Ac6/SystemWorkbench/plugins/fr.ac6.mcu.externaltools.arm-none.linux64_1.15.0.201708311556/tools/compiler/bin/../lib/gcc/arm-none-eabi/6.3.1/../../../../arm-none-eabi/lib/thumb/v7e-m/fpv4-sp/hard/libc_nano.a(lib_a-nano-svfprintf.o)
                0x00000000080030e0                _svfprintf_r
                0x00000000080030e0                _svfiprintf_r
 .text._printf_common
                0x00000000080032c8       0xec /home/dok/Ac6/SystemWorkbench/plugins/fr.ac6.mcu.externaltools.arm-none.linux64_1.15.0.201708311556/tools/compiler/bin/../lib/gcc/arm-none-eabi/6.3.1/../../../../arm-none-eabi/lib/thumb/v7e-m/fpv4-sp/hard/libc_nano.a(lib_a-nano-vfprintf_i.o)
                0x00000000080032c8                _printf_common
 .text._printf_i
                0x00000000080033b4      0x240 /home/dok/Ac6/SystemWorkbench/plugins/fr.ac6.mcu.externaltools.arm-none.linux64_1.15.0.201708311556/tools/compiler/bin/../lib/gcc/arm-none-eabi/6.3.1/../../../../arm-none-eabi/lib/thumb/v7e-m/fpv4-sp/hard/libc_nano.a(lib_a-nano-vfprintf_i.o)
                0x00000000080033b4                _printf_i
 .text.memcpy   0x00000000080035f4       0x16 /home/dok/Ac6/SystemWorkbench/plugins/fr.ac6.mcu.externaltools.arm-none.linux64_1.15.0.201708311556/tools/compiler/bin/../lib/gcc/arm-none-eabi/6.3.1/../../../../arm-none-eabi/lib/thumb/v7e-m/fpv4-sp/hard/libc_nano.a(lib_a-memcpy-stub.o)
                0x00000000080035f4                memcpy
 .text.memmove  0x000000000800360a       0x34 /home/dok/Ac6/SystemWorkbench/plugins/fr.ac6.mcu.externaltools.arm-none.linux64_1.15.0.201708311556/tools/compiler/bin/../lib/gcc/arm-none-eabi/6.3.1/../../../../arm-none-eabi/lib/thumb/v7e-m/fpv4-sp/hard/libc_nano.a(lib_a-memmove.o)
                0x000000000800360a                memmove
 *fill*         0x000000000800363e        0x2 
 .text._free_r  0x0000000008003640       0x9c /home/dok/Ac6/SystemWorkbench/plugins/fr.ac6.mcu.externaltools.arm-none.linux64_1.15.0.201708311556/tools/compiler/bin/../lib/gcc/arm-none-eabi/6.3.1/../../../../arm-none-eabi/lib/thumb/v7e-m/fpv4-sp/hard/libc_nano.a(lib_a-nano-freer.o)
                0x0000000008003640                _free_r
 .text._malloc_r
                0x00000000080036dc       0xbc /home/dok/Ac6/SystemWorkbench/plugins/fr.ac6.mcu.externaltools.arm-none.linux64_1.15.0.201708311556/tools/compiler/bin/../lib/gcc/arm-none-eabi/6.3.1/../../../../arm-none-eabi/lib/thumb/v7e-m/fpv4-sp/hard/libc_nano.a(lib_a-nano-mallocr.o)
                0x00000000080036dc                _malloc_r
 .text._realloc_r
                0x0000000008003798       0x4c /home/dok/Ac6/SystemWorkbench/plugins/fr.ac6.mcu.externaltools.arm-none.linux64_1.15.0.201708311556/tools/compiler/bin/../lib/gcc/arm-none-eabi/6.3.1/../../../../arm-none-eabi/lib/thumb/v7e-m/fpv4-sp/hard/libc_nano.a(lib_a-nano-reallocr.o)
                0x0000000008003798                _realloc_r
 .text._sbrk_r  0x00000000080037e4       0x20 /home/dok/Ac6/SystemWorkbench/plugins/fr.ac6.mcu.externaltools.arm-none.linux64_1.15.0.201708311556/tools/compiler/bin/../lib/gcc/arm-none-eabi/6.3.1/../../../../arm-none-eabi/lib/thumb/v7e-m/fpv4-sp/hard/libc_nano.a(lib_a-sbrkr.o)
                0x00000000080037e4                _sbrk_r
 .text.__malloc_lock
                0x0000000008003804        0x2 /home/dok/Ac6/SystemWorkbench/plugins/fr.ac6.mcu.externaltools.arm-none.linux64_1.15.0.201708311556/tools/compiler/bin/../lib/gcc/arm-none-eabi/6.3.1/../../../../arm-none-eabi/lib/thumb/v7e-m/fpv4-sp/hard/libc_nano.a(lib_a-mlock.o)
                0x0000000008003804                __malloc_lock
 .text.__malloc_unlock
                0x0000000008003806        0x2 /home/dok/Ac6/SystemWorkbench/plugins/fr.ac6.mcu.externaltools.arm-none.linux64_1.15.0.201708311556/tools/compiler/bin/../lib/gcc/arm-none-eabi/6.3.1/../../../../arm-none-eabi/lib/thumb/v7e-m/fpv4-sp/hard/libc_nano.a(lib_a-mlock.o)
                0x0000000008003806                __malloc_unlock
 .text._malloc_usable_size_r
                0x0000000008003808       0x12 /home/dok/Ac6/SystemWorkbench/plugins/fr.ac6.mcu.externaltools.arm-none.linux64_1.15.0.201708311556/tools/compiler/bin/../lib/gcc/arm-none-eabi/6.3.1/../../../../arm-none-eabi/lib/thumb/v7e-m/fpv4-sp/hard/libc_nano.a(lib_a-nano-msizer.o)
                0x0000000008003808                _malloc_usable_size_r
 *fill*         0x000000000800381a        0x2 
 .text._sbrk    0x000000000800381c       0x1c /home/dok/Ac6/SystemWorkbench/plugins/fr.ac6.mcu.externaltools.arm-none.linux64_1.15.0.201708311556/tools/compiler/bin/../lib/gcc/arm-none-eabi/6.3.1/../../../../arm-none-eabi/lib/thumb/v7e-m/fpv4-sp/hard/libnosys.a(sbrk.o)
                0x000000000800381c                _sbrk
 *(.glue_7)
 .glue_7        0x0000000008003838        0x0 linker stubs
 *(.glue_7t)
 .glue_7t       0x0000000008003838        0x0 linker stubs
 *(.eh_frame)
 .eh_frame      0x0000000008003838        0x0 /home/dok/Ac6/SystemWorkbench/plugins/fr.ac6.mcu.externaltools.arm-none.linux64_1.15.0.201708311556/tools/compiler/bin/../lib/gcc/arm-none-eabi/6.3.1/thumb/v7e-m/fpv4-sp/hard/crtbegin.o
 *(.init)
 .init          0x0000000008003838        0x4 /home/dok/Ac6/SystemWorkbench/plugins/fr.ac6.mcu.externaltools.arm-none.linux64_1.15.0.201708311556/tools/compiler/bin/../lib/gcc/arm-none-eabi/6.3.1/thumb/v7e-m/fpv4-sp/hard/crti.o
                0x0000000008003838                _init
 .init          0x000000000800383c        0x8 /home/dok/Ac6/SystemWorkbench/plugins/fr.ac6.mcu.externaltools.arm-none.linux64_1.15.0.201708311556/tools/compiler/bin/../lib/gcc/arm-none-eabi/6.3.1/thumb/v7e-m/fpv4-sp/hard/crtn.o
 *(.fini)
 .fini          0x0000000008003844        0x4 /home/dok/Ac6/SystemWorkbench/plugins/fr.ac6.mcu.externaltools.arm-none.linux64_1.15.0.201708311556/tools/compiler/bin/../lib/gcc/arm-none-eabi/6.3.1/thumb/v7e-m/fpv4-sp/hard/crti.o
                0x0000000008003844                _fini
 .fini          0x0000000008003848        0x8 /home/dok/Ac6/SystemWorkbench/plugins/fr.ac6.mcu.externaltools.arm-none.linux64_1.15.0.201708311556/tools/compiler/bin/../lib/gcc/arm-none-eabi/6.3.1/thumb/v7e-m/fpv4-sp/hard/crtn.o
                0x0000000008003850                . = ALIGN (0x8)
                0x0000000008003850                _etext = .

.vfp11_veneer   0x0000000008003850        0x0
 .vfp11_veneer  0x0000000008003850        0x0 linker stubs

.v4_bx          0x0000000008003850        0x0
 .v4_bx         0x0000000008003850        0x0 linker stubs

.iplt           0x0000000008003850        0x0
 .iplt          0x0000000008003850        0x0 /home/dok/Ac6/SystemWorkbench/plugins/fr.ac6.mcu.externaltools.arm-none.linux64_1.15.0.201708311556/tools/compiler/bin/../lib/gcc/arm-none-eabi/6.3.1/thumb/v7e-m/fpv4-sp/hard/crtbegin.o

.rodata         0x0000000008003850     0x28b0
                0x0000000008003850                . = ALIGN (0x8)
 *(.rodata)
 .rodata        0x0000000008003850     0x2814 Src/fonts.o
 .rodata        0x0000000008006064       0x48 Src/system_stm32l4xx.o
                0x0000000008006064                MSIRangeTable
                0x0000000008006094                AHBPrescTable
                0x00000000080060a4                APBPrescTable
 *(.rodata*)
 .rodata.str1.4
                0x00000000080060ac        0x3 Src/MMA7455.o
 *fill*         0x00000000080060af        0x1 
 .rodata.str1.4
                0x00000000080060b0       0x18 Src/main.o
 .rodata._svfprintf_r.str1.1
                0x00000000080060c8       0x11 /home/dok/Ac6/SystemWorkbench/plugins/fr.ac6.mcu.externaltools.arm-none.linux64_1.15.0.201708311556/tools/compiler/bin/../lib/gcc/arm-none-eabi/6.3.1/../../../../arm-none-eabi/lib/thumb/v7e-m/fpv4-sp/hard/libc_nano.a(lib_a-nano-svfprintf.o)
 .rodata._printf_i.str1.1
                0x00000000080060d9       0x22 /home/dok/Ac6/SystemWorkbench/plugins/fr.ac6.mcu.externaltools.arm-none.linux64_1.15.0.201708311556/tools/compiler/bin/../lib/gcc/arm-none-eabi/6.3.1/../../../../arm-none-eabi/lib/thumb/v7e-m/fpv4-sp/hard/libc_nano.a(lib_a-nano-vfprintf_i.o)
                0x0000000008006100                . = ALIGN (0x8)
 *fill*         0x00000000080060fb        0x5 

.ARM.extab      0x0000000008006100        0x0
                0x0000000008006100                . = ALIGN (0x8)
 *(.ARM.extab* .gnu.linkonce.armextab.*)
                0x0000000008006100                . = ALIGN (0x8)

.ARM            0x0000000008006100        0x8
                0x0000000008006100                . = ALIGN (0x8)
                0x0000000008006100                __exidx_start = .
 *(.ARM.exidx*)
 .ARM.exidx     0x0000000008006100        0x8 /home/dok/Ac6/SystemWorkbench/plugins/fr.ac6.mcu.externaltools.arm-none.linux64_1.15.0.201708311556/tools/compiler/bin/../lib/gcc/arm-none-eabi/6.3.1/thumb/v7e-m/fpv4-sp/hard/libgcc.a(_udivmoddi4.o)
                0x0000000008006108                __exidx_end = .
                0x0000000008006108                . = ALIGN (0x8)

.rel.dyn        0x0000000008006108        0x0
 .rel.iplt      0x0000000008006108        0x0 /home/dok/Ac6/SystemWorkbench/plugins/fr.ac6.mcu.externaltools.arm-none.linux64_1.15.0.201708311556/tools/compiler/bin/../lib/gcc/arm-none-eabi/6.3.1/thumb/v7e-m/fpv4-sp/hard/crtbegin.o

.preinit_array  0x0000000008006108        0x0
                0x0000000008006108                . = ALIGN (0x8)
                0x0000000008006108                PROVIDE (__preinit_array_start, .)
 *(.preinit_array*)
                0x0000000008006108                PROVIDE (__preinit_array_end, .)
                0x0000000008006108                . = ALIGN (0x8)

.init_array     0x0000000008006108        0x8
                0x0000000008006108                . = ALIGN (0x8)
                0x0000000008006108                PROVIDE (__init_array_start, .)
 *(SORT(.init_array.*))
 *(.init_array*)
 .init_array    0x0000000008006108        0x4 /home/dok/Ac6/SystemWorkbench/plugins/fr.ac6.mcu.externaltools.arm-none.linux64_1.15.0.201708311556/tools/compiler/bin/../lib/gcc/arm-none-eabi/6.3.1/thumb/v7e-m/fpv4-sp/hard/crtbegin.o
                0x000000000800610c                PROVIDE (__init_array_end, .)
                0x0000000008006110                . = ALIGN (0x8)
 *fill*         0x000000000800610c        0x4 

.fini_array     0x0000000008006110        0x8
                0x0000000008006110                . = ALIGN (0x8)
                [!provide]                        PROVIDE (__fini_array_start, .)
 *(SORT(.fini_array.*))
 *(.fini_array*)
 .fini_array    0x0000000008006110        0x4 /home/dok/Ac6/SystemWorkbench/plugins/fr.ac6.mcu.externaltools.arm-none.linux64_1.15.0.201708311556/tools/compiler/bin/../lib/gcc/arm-none-eabi/6.3.1/thumb/v7e-m/fpv4-sp/hard/crtbegin.o
                [!provide]                        PROVIDE (__fini_array_end, .)
                0x0000000008006118                . = ALIGN (0x8)
 *fill*         0x0000000008006114        0x4 
                0x0000000008006118                _sidata = LOADADDR (.data)

.data           0x0000000020000000       0xa0 load address 0x0000000008006118
                0x0000000020000000                . = ALIGN (0x8)
                0x0000000020000000                _sdata = .
 *(.data)
 .data          0x0000000020000000       0x1d Src/MMA7455.o
                0x0000000020000000                pJSC_MMA7455_init
                0x0000000020000004                pJSC_8bit_xval
                0x0000000020000008                pJSC_8bit_yval
                0x000000002000000c                pJSC_8bit_zval
                0x0000000020000010                pJSC_10bit_xval
                0x0000000020000014                pJSC_10bit_yval
                0x0000000020000018                pJSC_10bit_zval
                0x000000002000001c                init_byte
 *fill*         0x000000002000001d        0x3 
 .data          0x0000000020000020       0x18 Src/fonts.o
                0x0000000020000020                Font_16x26
                0x0000000020000028                Font_11x18
                0x0000000020000030                Font_7x10
 .data          0x0000000020000038        0x4 Src/system_stm32l4xx.o
                0x0000000020000038                SystemCoreClock
 *(.data*)
 .data._impure_ptr
                0x000000002000003c        0x4 /home/dok/Ac6/SystemWorkbench/plugins/fr.ac6.mcu.externaltools.arm-none.linux64_1.15.0.201708311556/tools/compiler/bin/../lib/gcc/arm-none-eabi/6.3.1/../../../../arm-none-eabi/lib/thumb/v7e-m/fpv4-sp/hard/libc_nano.a(lib_a-impure.o)
                0x000000002000003c                _impure_ptr
 .data.impure_data
                0x0000000020000040       0x60 /home/dok/Ac6/SystemWorkbench/plugins/fr.ac6.mcu.externaltools.arm-none.linux64_1.15.0.201708311556/tools/compiler/bin/../lib/gcc/arm-none-eabi/6.3.1/../../../../arm-none-eabi/lib/thumb/v7e-m/fpv4-sp/hard/libc_nano.a(lib_a-impure.o)
                0x00000000200000a0                . = ALIGN (0x8)
                0x00000000200000a0                _edata = .

.jcr            0x00000000200000a0        0x0 load address 0x00000000080061b8
 .jcr           0x00000000200000a0        0x0 /home/dok/Ac6/SystemWorkbench/plugins/fr.ac6.mcu.externaltools.arm-none.linux64_1.15.0.201708311556/tools/compiler/bin/../lib/gcc/arm-none-eabi/6.3.1/thumb/v7e-m/fpv4-sp/hard/crtbegin.o

.igot.plt       0x00000000200000a0        0x0 load address 0x00000000080061b8
 .igot.plt      0x00000000200000a0        0x0 /home/dok/Ac6/SystemWorkbench/plugins/fr.ac6.mcu.externaltools.arm-none.linux64_1.15.0.201708311556/tools/compiler/bin/../lib/gcc/arm-none-eabi/6.3.1/thumb/v7e-m/fpv4-sp/hard/crtbegin.o
                0x00000000200000a0                . = ALIGN (0x4)

.bss            0x00000000200000a0      0x52c load address 0x00000000080061b8
                0x00000000200000a0                _sbss = .
                0x00000000200000a0                __bss_start__ = _sbss
 *(.bss)
 .bss           0x00000000200000a0       0x1c /home/dok/Ac6/SystemWorkbench/plugins/fr.ac6.mcu.externaltools.arm-none.linux64_1.15.0.201708311556/tools/compiler/bin/../lib/gcc/arm-none-eabi/6.3.1/thumb/v7e-m/fpv4-sp/hard/crtbegin.o
 .bss           0x00000000200000bc        0xa Src/MMA7455.o
                0x00000000200000bc                JSC_8bit_xval
                0x00000000200000bd                JSC_8bit_yval
                0x00000000200000be                JSC_8bit_zval
                0x00000000200000c0                JSC_10bit_xval
                0x00000000200000c2                JSC_10bit_yval
                0x00000000200000c4                JSC_10bit_zval
 *fill*         0x00000000200000c6        0x2 
 .bss           0x00000000200000c8      0x406 Src/ssd1306.o
 *(.bss*)
 *fill*         0x00000000200004ce        0x2 
 .bss.__malloc_free_list
                0x00000000200004d0        0x4 /home/dok/Ac6/SystemWorkbench/plugins/fr.ac6.mcu.externaltools.arm-none.linux64_1.15.0.201708311556/tools/compiler/bin/../lib/gcc/arm-none-eabi/6.3.1/../../../../arm-none-eabi/lib/thumb/v7e-m/fpv4-sp/hard/libc_nano.a(lib_a-nano-mallocr.o)
                0x00000000200004d0                __malloc_free_list
 .bss.__malloc_sbrk_start
                0x00000000200004d4        0x4 /home/dok/Ac6/SystemWorkbench/plugins/fr.ac6.mcu.externaltools.arm-none.linux64_1.15.0.201708311556/tools/compiler/bin/../lib/gcc/arm-none-eabi/6.3.1/../../../../arm-none-eabi/lib/thumb/v7e-m/fpv4-sp/hard/libc_nano.a(lib_a-nano-mallocr.o)
                0x00000000200004d4                __malloc_sbrk_start
 .bss.heap_end.5239
                0x00000000200004d8        0x4 /home/dok/Ac6/SystemWorkbench/plugins/fr.ac6.mcu.externaltools.arm-none.linux64_1.15.0.201708311556/tools/compiler/bin/../lib/gcc/arm-none-eabi/6.3.1/../../../../arm-none-eabi/lib/thumb/v7e-m/fpv4-sp/hard/libnosys.a(sbrk.o)
 *(COMMON)
 COMMON         0x00000000200004dc        0x4 Drivers/STM32L4xx_HAL_Driver/Src/stm32l4xx_hal.o
                0x00000000200004dc                uwTick
 COMMON         0x00000000200004e0       0x24 Src/MMA7455.o
                0x00000000200004e0                JSC_xchar
                0x00000000200004ec                JSC_ychar
                0x00000000200004f8                JSC_zchar
 COMMON         0x0000000020000504       0xc4 Src/main.o
                0x0000000020000504                hi2c1
                0x0000000020000550                huart2
 COMMON         0x00000000200005c8        0x4 /home/dok/Ac6/SystemWorkbench/plugins/fr.ac6.mcu.externaltools.arm-none.linux64_1.15.0.201708311556/tools/compiler/bin/../lib/gcc/arm-none-eabi/6.3.1/../../../../arm-none-eabi/lib/thumb/v7e-m/fpv4-sp/hard/libc_nano.a(lib_a-reent.o)
                0x00000000200005c8                errno
                0x00000000200005cc                . = ALIGN (0x4)
                0x00000000200005cc                _ebss = .
                0x00000000200005cc                __bss_end__ = _ebss

._user_heap_stack
                0x00000000200005cc      0x604 load address 0x00000000080061b8
                0x00000000200005d0                . = ALIGN (0x8)
 *fill*         0x00000000200005cc        0x4 
                0x00000000200005d0                PROVIDE (end, .)
                [!provide]                        PROVIDE (_end, .)
                0x00000000200007d0                . = (. + _Min_Heap_Size)
 *fill*         0x00000000200005d0      0x200 
                0x0000000020000bd0                . = (. + _Min_Stack_Size)
 *fill*         0x00000000200007d0      0x400 
                0x0000000020000bd0                . = ALIGN (0x8)

/DISCARD/
 libc.a(*)
 libm.a(*)
 libgcc.a(*)

.ARM.attributes
                0x0000000000000000       0x30
 *(.ARM.attributes)
 .ARM.attributes
                0x0000000000000000       0x22 /home/dok/Ac6/SystemWorkbench/plugins/fr.ac6.mcu.externaltools.arm-none.linux64_1.15.0.201708311556/tools/compiler/bin/../lib/gcc/arm-none-eabi/6.3.1/thumb/v7e-m/fpv4-sp/hard/crti.o
 .ARM.attributes
                0x0000000000000022       0x34 /home/dok/Ac6/SystemWorkbench/plugins/fr.ac6.mcu.externaltools.arm-none.linux64_1.15.0.201708311556/tools/compiler/bin/../lib/gcc/arm-none-eabi/6.3.1/thumb/v7e-m/fpv4-sp/hard/crtbegin.o
 .ARM.attributes
                0x0000000000000056       0x39 Drivers/STM32L4xx_HAL_Driver/Src/stm32l4xx_hal.o
 .ARM.attributes
                0x000000000000008f       0x39 Drivers/STM32L4xx_HAL_Driver/Src/stm32l4xx_hal_cortex.o
 .ARM.attributes
                0x00000000000000c8       0x39 Drivers/STM32L4xx_HAL_Driver/Src/stm32l4xx_hal_gpio.o
 .ARM.attributes
                0x0000000000000101       0x39 Drivers/STM32L4xx_HAL_Driver/Src/stm32l4xx_hal_i2c.o
 .ARM.attributes
                0x000000000000013a       0x39 Drivers/STM32L4xx_HAL_Driver/Src/stm32l4xx_hal_i2c_ex.o
 .ARM.attributes
                0x0000000000000173       0x39 Drivers/STM32L4xx_HAL_Driver/Src/stm32l4xx_hal_pwr_ex.o
 .ARM.attributes
                0x00000000000001ac       0x39 Drivers/STM32L4xx_HAL_Driver/Src/stm32l4xx_hal_rcc.o
 .ARM.attributes
                0x00000000000001e5       0x39 Drivers/STM32L4xx_HAL_Driver/Src/stm32l4xx_hal_rcc_ex.o
 .ARM.attributes
                0x000000000000021e       0x39 Drivers/STM32L4xx_HAL_Driver/Src/stm32l4xx_hal_uart.o
 .ARM.attributes
                0x0000000000000257       0x39 Src/MMA7455.o
 .ARM.attributes
                0x0000000000000290       0x39 Src/fonts.o
 .ARM.attributes
                0x00000000000002c9       0x39 Src/main.o
 .ARM.attributes
                0x0000000000000302       0x39 Src/ssd1306.o
 .ARM.attributes
                0x000000000000033b       0x39 Src/stm32l4xx_hal_msp.o
 .ARM.attributes
                0x0000000000000374       0x39 Src/stm32l4xx_it.o
 .ARM.attributes
                0x00000000000003ad       0x39 Src/system_stm32l4xx.o
 .ARM.attributes
                0x00000000000003e6       0x21 startup/startup_stm32l476xx.o
 .ARM.attributes
                0x0000000000000407       0x22 /home/dok/Ac6/SystemWorkbench/plugins/fr.ac6.mcu.externaltools.arm-none.linux64_1.15.0.201708311556/tools/compiler/bin/../lib/gcc/arm-none-eabi/6.3.1/thumb/v7e-m/fpv4-sp/hard/libgcc.a(_aeabi_uldivmod.o)
 .ARM.attributes
                0x0000000000000429       0x34 /home/dok/Ac6/SystemWorkbench/plugins/fr.ac6.mcu.externaltools.arm-none.linux64_1.15.0.201708311556/tools/compiler/bin/../lib/gcc/arm-none-eabi/6.3.1/thumb/v7e-m/fpv4-sp/hard/libgcc.a(_udivmoddi4.o)
 .ARM.attributes
                0x000000000000045d       0x22 /home/dok/Ac6/SystemWorkbench/plugins/fr.ac6.mcu.externaltools.arm-none.linux64_1.15.0.201708311556/tools/compiler/bin/../lib/gcc/arm-none-eabi/6.3.1/thumb/v7e-m/fpv4-sp/hard/libgcc.a(_dvmd_tls.o)
 .ARM.attributes
                0x000000000000047f       0x34 /home/dok/Ac6/SystemWorkbench/plugins/fr.ac6.mcu.externaltools.arm-none.linux64_1.15.0.201708311556/tools/compiler/bin/../lib/gcc/arm-none-eabi/6.3.1/../../../../arm-none-eabi/lib/thumb/v7e-m/fpv4-sp/hard/libc_nano.a(lib_a-impure.o)
 .ARM.attributes
                0x00000000000004b3       0x34 /home/dok/Ac6/SystemWorkbench/plugins/fr.ac6.mcu.externaltools.arm-none.linux64_1.15.0.201708311556/tools/compiler/bin/../lib/gcc/arm-none-eabi/6.3.1/../../../../arm-none-eabi/lib/thumb/v7e-m/fpv4-sp/hard/libc_nano.a(lib_a-init.o)
 .ARM.attributes
                0x00000000000004e7       0x34 /home/dok/Ac6/SystemWorkbench/plugins/fr.ac6.mcu.externaltools.arm-none.linux64_1.15.0.201708311556/tools/compiler/bin/../lib/gcc/arm-none-eabi/6.3.1/../../../../arm-none-eabi/lib/thumb/v7e-m/fpv4-sp/hard/libc_nano.a(lib_a-sprintf.o)
 .ARM.attributes
                0x000000000000051b       0x34 /home/dok/Ac6/SystemWorkbench/plugins/fr.ac6.mcu.externaltools.arm-none.linux64_1.15.0.201708311556/tools/compiler/bin/../lib/gcc/arm-none-eabi/6.3.1/../../../../arm-none-eabi/lib/thumb/v7e-m/fpv4-sp/hard/libc_nano.a(lib_a-nano-svfprintf.o)
 .ARM.attributes
                0x000000000000054f       0x34 /home/dok/Ac6/SystemWorkbench/plugins/fr.ac6.mcu.externaltools.arm-none.linux64_1.15.0.201708311556/tools/compiler/bin/../lib/gcc/arm-none-eabi/6.3.1/../../../../arm-none-eabi/lib/thumb/v7e-m/fpv4-sp/hard/libc_nano.a(lib_a-nano-vfprintf_i.o)
 .ARM.attributes
                0x0000000000000583       0x20 /home/dok/Ac6/SystemWorkbench/plugins/fr.ac6.mcu.externaltools.arm-none.linux64_1.15.0.201708311556/tools/compiler/bin/../lib/gcc/arm-none-eabi/6.3.1/../../../../arm-none-eabi/lib/thumb/v7e-m/fpv4-sp/hard/libc_nano.a(lib_a-memchr.o)
 .ARM.attributes
                0x00000000000005a3       0x34 /home/dok/Ac6/SystemWorkbench/plugins/fr.ac6.mcu.externaltools.arm-none.linux64_1.15.0.201708311556/tools/compiler/bin/../lib/gcc/arm-none-eabi/6.3.1/../../../../arm-none-eabi/lib/thumb/v7e-m/fpv4-sp/hard/libc_nano.a(lib_a-memcpy-stub.o)
 .ARM.attributes
                0x00000000000005d7       0x34 /home/dok/Ac6/SystemWorkbench/plugins/fr.ac6.mcu.externaltools.arm-none.linux64_1.15.0.201708311556/tools/compiler/bin/../lib/gcc/arm-none-eabi/6.3.1/../../../../arm-none-eabi/lib/thumb/v7e-m/fpv4-sp/hard/libc_nano.a(lib_a-memmove.o)
 .ARM.attributes
                0x000000000000060b       0x34 /home/dok/Ac6/SystemWorkbench/plugins/fr.ac6.mcu.externaltools.arm-none.linux64_1.15.0.201708311556/tools/compiler/bin/../lib/gcc/arm-none-eabi/6.3.1/../../../../arm-none-eabi/lib/thumb/v7e-m/fpv4-sp/hard/libc_nano.a(lib_a-nano-freer.o)
 .ARM.attributes
                0x000000000000063f       0x34 /home/dok/Ac6/SystemWorkbench/plugins/fr.ac6.mcu.externaltools.arm-none.linux64_1.15.0.201708311556/tools/compiler/bin/../lib/gcc/arm-none-eabi/6.3.1/../../../../arm-none-eabi/lib/thumb/v7e-m/fpv4-sp/hard/libc_nano.a(lib_a-nano-mallocr.o)
 .ARM.attributes
                0x0000000000000673       0x34 /home/dok/Ac6/SystemWorkbench/plugins/fr.ac6.mcu.externaltools.arm-none.linux64_1.15.0.201708311556/tools/compiler/bin/../lib/gcc/arm-none-eabi/6.3.1/../../../../arm-none-eabi/lib/thumb/v7e-m/fpv4-sp/hard/libc_nano.a(lib_a-nano-reallocr.o)
 .ARM.attributes
                0x00000000000006a7       0x34 /home/dok/Ac6/SystemWorkbench/plugins/fr.ac6.mcu.externaltools.arm-none.linux64_1.15.0.201708311556/tools/compiler/bin/../lib/gcc/arm-none-eabi/6.3.1/../../../../arm-none-eabi/lib/thumb/v7e-m/fpv4-sp/hard/libc_nano.a(lib_a-sbrkr.o)
 .ARM.attributes
                0x00000000000006db       0x34 /home/dok/Ac6/SystemWorkbench/plugins/fr.ac6.mcu.externaltools.arm-none.linux64_1.15.0.201708311556/tools/compiler/bin/../lib/gcc/arm-none-eabi/6.3.1/../../../../arm-none-eabi/lib/thumb/v7e-m/fpv4-sp/hard/libc_nano.a(lib_a-mlock.o)
 .ARM.attributes
                0x000000000000070f       0x34 /home/dok/Ac6/SystemWorkbench/plugins/fr.ac6.mcu.externaltools.arm-none.linux64_1.15.0.201708311556/tools/compiler/bin/../lib/gcc/arm-none-eabi/6.3.1/../../../../arm-none-eabi/lib/thumb/v7e-m/fpv4-sp/hard/libc_nano.a(lib_a-nano-msizer.o)
 .ARM.attributes
                0x0000000000000743       0x34 /home/dok/Ac6/SystemWorkbench/plugins/fr.ac6.mcu.externaltools.arm-none.linux64_1.15.0.201708311556/tools/compiler/bin/../lib/gcc/arm-none-eabi/6.3.1/../../../../arm-none-eabi/lib/thumb/v7e-m/fpv4-sp/hard/libc_nano.a(lib_a-reent.o)
 .ARM.attributes
                0x0000000000000777       0x34 /home/dok/Ac6/SystemWorkbench/plugins/fr.ac6.mcu.externaltools.arm-none.linux64_1.15.0.201708311556/tools/compiler/bin/../lib/gcc/arm-none-eabi/6.3.1/../../../../arm-none-eabi/lib/thumb/v7e-m/fpv4-sp/hard/libnosys.a(sbrk.o)
 .ARM.attributes
                0x00000000000007ab       0x22 /home/dok/Ac6/SystemWorkbench/plugins/fr.ac6.mcu.externaltools.arm-none.linux64_1.15.0.201708311556/tools/compiler/bin/../lib/gcc/arm-none-eabi/6.3.1/thumb/v7e-m/fpv4-sp/hard/crtn.o
OUTPUT(MMA7455.elf elf32-littlearm)

.debug_info     0x0000000000000000    0x174a5
 .debug_info    0x0000000000000000     0x1427 Drivers/STM32L4xx_HAL_Driver/Src/stm32l4xx_hal.o
 .debug_info    0x0000000000001427     0x1789 Drivers/STM32L4xx_HAL_Driver/Src/stm32l4xx_hal_cortex.o
 .debug_info    0x0000000000002bb0     0x1090 Drivers/STM32L4xx_HAL_Driver/Src/stm32l4xx_hal_gpio.o
 .debug_info    0x0000000000003c40     0x3a04 Drivers/STM32L4xx_HAL_Driver/Src/stm32l4xx_hal_i2c.o
 .debug_info    0x0000000000007644     0x1256 Drivers/STM32L4xx_HAL_Driver/Src/stm32l4xx_hal_i2c_ex.o
 .debug_info    0x000000000000889a     0x12cd Drivers/STM32L4xx_HAL_Driver/Src/stm32l4xx_hal_pwr_ex.o
 .debug_info    0x0000000000009b67     0x15eb Drivers/STM32L4xx_HAL_Driver/Src/stm32l4xx_hal_rcc.o
 .debug_info    0x000000000000b152     0x18da Drivers/STM32L4xx_HAL_Driver/Src/stm32l4xx_hal_rcc_ex.o
 .debug_info    0x000000000000ca2c     0x242d Drivers/STM32L4xx_HAL_Driver/Src/stm32l4xx_hal_uart.o
 .debug_info    0x000000000000ee59     0x1497 Src/MMA7455.o
 .debug_info    0x00000000000102f0      0xa79 Src/fonts.o
 .debug_info    0x0000000000010d69     0x211c Src/main.o
 .debug_info    0x0000000000012e85     0x1481 Src/ssd1306.o
 .debug_info    0x0000000000014306     0x19a3 Src/stm32l4xx_hal_msp.o
 .debug_info    0x0000000000015ca9      0x9a8 Src/stm32l4xx_it.o
 .debug_info    0x0000000000016651      0xde9 Src/system_stm32l4xx.o
 .debug_info    0x000000000001743a       0x6b startup/startup_stm32l476xx.o

.debug_abbrev   0x0000000000000000     0x2a3f
 .debug_abbrev  0x0000000000000000      0x2ec Drivers/STM32L4xx_HAL_Driver/Src/stm32l4xx_hal.o
 .debug_abbrev  0x00000000000002ec      0x3b8 Drivers/STM32L4xx_HAL_Driver/Src/stm32l4xx_hal_cortex.o
 .debug_abbrev  0x00000000000006a4      0x2a5 Drivers/STM32L4xx_HAL_Driver/Src/stm32l4xx_hal_gpio.o
 .debug_abbrev  0x0000000000000949      0x2dd Drivers/STM32L4xx_HAL_Driver/Src/stm32l4xx_hal_i2c.o
 .debug_abbrev  0x0000000000000c26      0x255 Drivers/STM32L4xx_HAL_Driver/Src/stm32l4xx_hal_i2c_ex.o
 .debug_abbrev  0x0000000000000e7b      0x2d2 Drivers/STM32L4xx_HAL_Driver/Src/stm32l4xx_hal_pwr_ex.o
 .debug_abbrev  0x000000000000114d      0x2ea Drivers/STM32L4xx_HAL_Driver/Src/stm32l4xx_hal_rcc.o
 .debug_abbrev  0x0000000000001437      0x30a Drivers/STM32L4xx_HAL_Driver/Src/stm32l4xx_hal_rcc_ex.o
 .debug_abbrev  0x0000000000001741      0x31f Drivers/STM32L4xx_HAL_Driver/Src/stm32l4xx_hal_uart.o
 .debug_abbrev  0x0000000000001a60      0x23c Src/MMA7455.o
 .debug_abbrev  0x0000000000001c9c      0x1ba Src/fonts.o
 .debug_abbrev  0x0000000000001e56      0x2f0 Src/main.o
 .debug_abbrev  0x0000000000002146      0x2b1 Src/ssd1306.o
 .debug_abbrev  0x00000000000023f7      0x241 Src/stm32l4xx_hal_msp.o
 .debug_abbrev  0x0000000000002638      0x1cf Src/stm32l4xx_it.o
 .debug_abbrev  0x0000000000002807      0x226 Src/system_stm32l4xx.o
 .debug_abbrev  0x0000000000002a2d       0x12 startup/startup_stm32l476xx.o

.debug_loc      0x0000000000000000     0x8dcc
 .debug_loc     0x0000000000000000       0xf8 Drivers/STM32L4xx_HAL_Driver/Src/stm32l4xx_hal.o
 .debug_loc     0x00000000000000f8      0x5ce Drivers/STM32L4xx_HAL_Driver/Src/stm32l4xx_hal_cortex.o
 .debug_loc     0x00000000000006c6      0x33d Drivers/STM32L4xx_HAL_Driver/Src/stm32l4xx_hal_gpio.o
 .debug_loc     0x0000000000000a03     0x3ab1 Drivers/STM32L4xx_HAL_Driver/Src/stm32l4xx_hal_i2c.o
 .debug_loc     0x00000000000044b4      0x21c Drivers/STM32L4xx_HAL_Driver/Src/stm32l4xx_hal_i2c_ex.o
 .debug_loc     0x00000000000046d0      0x8f5 Drivers/STM32L4xx_HAL_Driver/Src/stm32l4xx_hal_pwr_ex.o
 .debug_loc     0x0000000000004fc5      0x60d Drivers/STM32L4xx_HAL_Driver/Src/stm32l4xx_hal_rcc.o
 .debug_loc     0x00000000000055d2     0x1aed Drivers/STM32L4xx_HAL_Driver/Src/stm32l4xx_hal_rcc_ex.o
 .debug_loc     0x00000000000070bf     0x1838 Drivers/STM32L4xx_HAL_Driver/Src/stm32l4xx_hal_uart.o
 .debug_loc     0x00000000000088f7      0x23b Src/ssd1306.o
 .debug_loc     0x0000000000008b32       0xb6 Src/stm32l4xx_hal_msp.o
 .debug_loc     0x0000000000008be8      0x1e4 Src/system_stm32l4xx.o

.debug_aranges  0x0000000000000000      0xb08
 .debug_aranges
                0x0000000000000000      0x118 Drivers/STM32L4xx_HAL_Driver/Src/stm32l4xx_hal.o
 .debug_aranges
                0x0000000000000118       0xa8 Drivers/STM32L4xx_HAL_Driver/Src/stm32l4xx_hal_cortex.o
 .debug_aranges
                0x00000000000001c0       0x58 Drivers/STM32L4xx_HAL_Driver/Src/stm32l4xx_hal_gpio.o
 .debug_aranges
                0x0000000000000218      0x260 Drivers/STM32L4xx_HAL_Driver/Src/stm32l4xx_hal_i2c.o
 .debug_aranges
                0x0000000000000478       0x48 Drivers/STM32L4xx_HAL_Driver/Src/stm32l4xx_hal_i2c_ex.o
 .debug_aranges
                0x00000000000004c0      0x148 Drivers/STM32L4xx_HAL_Driver/Src/stm32l4xx_hal_pwr_ex.o
 .debug_aranges
                0x0000000000000608       0x88 Drivers/STM32L4xx_HAL_Driver/Src/stm32l4xx_hal_rcc.o
 .debug_aranges
                0x0000000000000690       0xb8 Drivers/STM32L4xx_HAL_Driver/Src/stm32l4xx_hal_rcc_ex.o
 .debug_aranges
                0x0000000000000748      0x1f8 Drivers/STM32L4xx_HAL_Driver/Src/stm32l4xx_hal_uart.o
 .debug_aranges
                0x0000000000000940       0x60 Src/MMA7455.o
 .debug_aranges
                0x00000000000009a0       0x18 Src/fonts.o
 .debug_aranges
                0x00000000000009b8       0x48 Src/main.o
 .debug_aranges
                0x0000000000000a00       0x58 Src/ssd1306.o
 .debug_aranges
                0x0000000000000a58       0x40 Src/stm32l4xx_hal_msp.o
 .debug_aranges
                0x0000000000000a98       0x20 Src/stm32l4xx_it.o
 .debug_aranges
                0x0000000000000ab8       0x28 Src/system_stm32l4xx.o
 .debug_aranges
                0x0000000000000ae0       0x28 startup/startup_stm32l476xx.o

.debug_ranges   0x0000000000000000      0xa90
 .debug_ranges  0x0000000000000000      0x108 Drivers/STM32L4xx_HAL_Driver/Src/stm32l4xx_hal.o
 .debug_ranges  0x0000000000000108       0xf8 Drivers/STM32L4xx_HAL_Driver/Src/stm32l4xx_hal_cortex.o
 .debug_ranges  0x0000000000000200       0x48 Drivers/STM32L4xx_HAL_Driver/Src/stm32l4xx_hal_gpio.o
 .debug_ranges  0x0000000000000248      0x250 Drivers/STM32L4xx_HAL_Driver/Src/stm32l4xx_hal_i2c.o
 .debug_ranges  0x0000000000000498       0x38 Drivers/STM32L4xx_HAL_Driver/Src/stm32l4xx_hal_i2c_ex.o
 .debug_ranges  0x00000000000004d0      0x138 Drivers/STM32L4xx_HAL_Driver/Src/stm32l4xx_hal_pwr_ex.o
 .debug_ranges  0x0000000000000608       0x90 Drivers/STM32L4xx_HAL_Driver/Src/stm32l4xx_hal_rcc.o
 .debug_ranges  0x0000000000000698       0xc8 Drivers/STM32L4xx_HAL_Driver/Src/stm32l4xx_hal_rcc_ex.o
 .debug_ranges  0x0000000000000760      0x1e8 Drivers/STM32L4xx_HAL_Driver/Src/stm32l4xx_hal_uart.o
 .debug_ranges  0x0000000000000948       0x50 Src/MMA7455.o
 .debug_ranges  0x0000000000000998       0x38 Src/main.o
 .debug_ranges  0x00000000000009d0       0x48 Src/ssd1306.o
 .debug_ranges  0x0000000000000a18       0x30 Src/stm32l4xx_hal_msp.o
 .debug_ranges  0x0000000000000a48       0x10 Src/stm32l4xx_it.o
 .debug_ranges  0x0000000000000a58       0x18 Src/system_stm32l4xx.o
 .debug_ranges  0x0000000000000a70       0x20 startup/startup_stm32l476xx.o

.debug_macro    0x0000000000000000    0x26e40
 .debug_macro   0x0000000000000000      0x368 Drivers/STM32L4xx_HAL_Driver/Src/stm32l4xx_hal.o
 .debug_macro   0x0000000000000368      0x8bc Drivers/STM32L4xx_HAL_Driver/Src/stm32l4xx_hal.o
 .debug_macro   0x0000000000000c24       0x64 Drivers/STM32L4xx_HAL_Driver/Src/stm32l4xx_hal.o
 .debug_macro   0x0000000000000c88       0xae Drivers/STM32L4xx_HAL_Driver/Src/stm32l4xx_hal.o
 .debug_macro   0x0000000000000d36       0x2e Drivers/STM32L4xx_HAL_Driver/Src/stm32l4xx_hal.o
 .debug_macro   0x0000000000000d64       0x28 Drivers/STM32L4xx_HAL_Driver/Src/stm32l4xx_hal.o
 .debug_macro   0x0000000000000d8c       0x22 Drivers/STM32L4xx_HAL_Driver/Src/stm32l4xx_hal.o
 .debug_macro   0x0000000000000dae       0x87 Drivers/STM32L4xx_HAL_Driver/Src/stm32l4xx_hal.o
 .debug_macro   0x0000000000000e35       0x51 Drivers/STM32L4xx_HAL_Driver/Src/stm32l4xx_hal.o
 .debug_macro   0x0000000000000e86       0xef Drivers/STM32L4xx_HAL_Driver/Src/stm32l4xx_hal.o
 .debug_macro   0x0000000000000f75       0x6a Drivers/STM32L4xx_HAL_Driver/Src/stm32l4xx_hal.o
 .debug_macro   0x0000000000000fdf      0x1df Drivers/STM32L4xx_HAL_Driver/Src/stm32l4xx_hal.o
 .debug_macro   0x00000000000011be       0x35 Drivers/STM32L4xx_HAL_Driver/Src/stm32l4xx_hal.o
 .debug_macro   0x00000000000011f3       0x50 Drivers/STM32L4xx_HAL_Driver/Src/stm32l4xx_hal.o
 .debug_macro   0x0000000000001243      0xe66 Drivers/STM32L4xx_HAL_Driver/Src/stm32l4xx_hal.o
 .debug_macro   0x00000000000020a9    0x1a1c2 Drivers/STM32L4xx_HAL_Driver/Src/stm32l4xx_hal.o
 .debug_macro   0x000000000001c26b       0x43 Drivers/STM32L4xx_HAL_Driver/Src/stm32l4xx_hal.o
 .debug_macro   0x000000000001c2ae     0x36a8 Drivers/STM32L4xx_HAL_Driver/Src/stm32l4xx_hal.o
 .debug_macro   0x000000000001f956       0x58 Drivers/STM32L4xx_HAL_Driver/Src/stm32l4xx_hal.o
 .debug_macro   0x000000000001f9ae       0x35 Drivers/STM32L4xx_HAL_Driver/Src/stm32l4xx_hal.o
 .debug_macro   0x000000000001f9e3       0x9c Drivers/STM32L4xx_HAL_Driver/Src/stm32l4xx_hal.o
 .debug_macro   0x000000000001fa7f       0x16 Drivers/STM32L4xx_HAL_Driver/Src/stm32l4xx_hal.o
 .debug_macro   0x000000000001fa95       0x97 Drivers/STM32L4xx_HAL_Driver/Src/stm32l4xx_hal.o
 .debug_macro   0x000000000001fb2c      0x330 Drivers/STM32L4xx_HAL_Driver/Src/stm32l4xx_hal.o
 .debug_macro   0x000000000001fe5c       0xfd Drivers/STM32L4xx_HAL_Driver/Src/stm32l4xx_hal.o
 .debug_macro   0x000000000001ff59       0x10 Drivers/STM32L4xx_HAL_Driver/Src/stm32l4xx_hal.o
 .debug_macro   0x000000000001ff69       0x58 Drivers/STM32L4xx_HAL_Driver/Src/stm32l4xx_hal.o
 .debug_macro   0x000000000001ffc1       0x1f Drivers/STM32L4xx_HAL_Driver/Src/stm32l4xx_hal.o
 .debug_macro   0x000000000001ffe0       0x43 Drivers/STM32L4xx_HAL_Driver/Src/stm32l4xx_hal.o
 .debug_macro   0x0000000000020023       0x20 Drivers/STM32L4xx_HAL_Driver/Src/stm32l4xx_hal.o
 .debug_macro   0x0000000000020043      0x187 Drivers/STM32L4xx_HAL_Driver/Src/stm32l4xx_hal.o
 .debug_macro   0x00000000000201ca       0x10 Drivers/STM32L4xx_HAL_Driver/Src/stm32l4xx_hal.o
 .debug_macro   0x00000000000201da       0x1c Drivers/STM32L4xx_HAL_Driver/Src/stm32l4xx_hal.o
 .debug_macro   0x00000000000201f6       0x52 Drivers/STM32L4xx_HAL_Driver/Src/stm32l4xx_hal.o
 .debug_macro   0x0000000000020248       0x40 Drivers/STM32L4xx_HAL_Driver/Src/stm32l4xx_hal.o
 .debug_macro   0x0000000000020288       0x10 Drivers/STM32L4xx_HAL_Driver/Src/stm32l4xx_hal.o
 .debug_macro   0x0000000000020298       0x40 Drivers/STM32L4xx_HAL_Driver/Src/stm32l4xx_hal.o
 .debug_macro   0x00000000000202d8       0xd7 Drivers/STM32L4xx_HAL_Driver/Src/stm32l4xx_hal.o
 .debug_macro   0x00000000000203af       0x16 Drivers/STM32L4xx_HAL_Driver/Src/stm32l4xx_hal.o
 .debug_macro   0x00000000000203c5      0x18b Drivers/STM32L4xx_HAL_Driver/Src/stm32l4xx_hal.o
 .debug_macro   0x0000000000020550       0x50 Drivers/STM32L4xx_HAL_Driver/Src/stm32l4xx_hal.o
 .debug_macro   0x00000000000205a0     0x1566 Drivers/STM32L4xx_HAL_Driver/Src/stm32l4xx_hal.o
 .debug_macro   0x0000000000021b06      0x59e Drivers/STM32L4xx_HAL_Driver/Src/stm32l4xx_hal.o
 .debug_macro   0x00000000000220a4      0x148 Drivers/STM32L4xx_HAL_Driver/Src/stm32l4xx_hal.o
 .debug_macro   0x00000000000221ec      0x18b Drivers/STM32L4xx_HAL_Driver/Src/stm32l4xx_hal.o
 .debug_macro   0x0000000000022377      0x26b Drivers/STM32L4xx_HAL_Driver/Src/stm32l4xx_hal.o
 .debug_macro   0x00000000000225e2      0x23a Drivers/STM32L4xx_HAL_Driver/Src/stm32l4xx_hal.o
 .debug_macro   0x000000000002281c      0x367 Drivers/STM32L4xx_HAL_Driver/Src/stm32l4xx_hal.o
 .debug_macro   0x0000000000022b83       0x10 Drivers/STM32L4xx_HAL_Driver/Src/stm32l4xx_hal.o
 .debug_macro   0x0000000000022b93       0xe4 Drivers/STM32L4xx_HAL_Driver/Src/stm32l4xx_hal.o
 .debug_macro   0x0000000000022c77      0x202 Drivers/STM32L4xx_HAL_Driver/Src/stm32l4xx_hal.o
 .debug_macro   0x0000000000022e79       0x61 Drivers/STM32L4xx_HAL_Driver/Src/stm32l4xx_hal.o
 .debug_macro   0x0000000000022eda       0x90 Drivers/STM32L4xx_HAL_Driver/Src/stm32l4xx_hal.o
 .debug_macro   0x0000000000022f6a      0x126 Drivers/STM32L4xx_HAL_Driver/Src/stm32l4xx_hal.o
 .debug_macro   0x0000000000023090      0x3db Drivers/STM32L4xx_HAL_Driver/Src/stm32l4xx_hal.o
 .debug_macro   0x000000000002346b      0x535 Drivers/STM32L4xx_HAL_Driver/Src/stm32l4xx_hal.o
 .debug_macro   0x00000000000239a0       0x44 Drivers/STM32L4xx_HAL_Driver/Src/stm32l4xx_hal.o
 .debug_macro   0x00000000000239e4      0x325 Drivers/STM32L4xx_HAL_Driver/Src/stm32l4xx_hal.o
 .debug_macro   0x0000000000023d09      0x31a Drivers/STM32L4xx_HAL_Driver/Src/stm32l4xx_hal_cortex.o
 .debug_macro   0x0000000000024023      0x359 Drivers/STM32L4xx_HAL_Driver/Src/stm32l4xx_hal_gpio.o
 .debug_macro   0x000000000002437c      0x3e6 Drivers/STM32L4xx_HAL_Driver/Src/stm32l4xx_hal_i2c.o
 .debug_macro   0x0000000000024762      0x31a Drivers/STM32L4xx_HAL_Driver/Src/stm32l4xx_hal_i2c_ex.o
 .debug_macro   0x0000000000024a7c      0x33e Drivers/STM32L4xx_HAL_Driver/Src/stm32l4xx_hal_pwr_ex.o
 .debug_macro   0x0000000000024dba      0x35c Drivers/STM32L4xx_HAL_Driver/Src/stm32l4xx_hal_rcc.o
 .debug_macro   0x0000000000025116      0x350 Drivers/STM32L4xx_HAL_Driver/Src/stm32l4xx_hal_rcc_ex.o
 .debug_macro   0x0000000000025466      0x343 Drivers/STM32L4xx_HAL_Driver/Src/stm32l4xx_hal_uart.o
 .debug_macro   0x00000000000257a9      0x323 Src/MMA7455.o
 .debug_macro   0x0000000000025acc       0x64 Src/MMA7455.o
 .debug_macro   0x0000000000025b30      0x324 Src/fonts.o
 .debug_macro   0x0000000000025e54      0x33e Src/main.o
 .debug_macro   0x0000000000026192       0x22 Src/main.o
 .debug_macro   0x00000000000261b4      0x32d Src/ssd1306.o
 .debug_macro   0x00000000000264e1      0x31a Src/stm32l4xx_hal_msp.o
 .debug_macro   0x00000000000267fb      0x324 Src/stm32l4xx_it.o
 .debug_macro   0x0000000000026b1f      0x321 Src/system_stm32l4xx.o

.debug_line     0x0000000000000000     0xb1e8
 .debug_line    0x0000000000000000      0xa0b Drivers/STM32L4xx_HAL_Driver/Src/stm32l4xx_hal.o
 .debug_line    0x0000000000000a0b      0x9d4 Drivers/STM32L4xx_HAL_Driver/Src/stm32l4xx_hal_cortex.o
 .debug_line    0x00000000000013df      0x944 Drivers/STM32L4xx_HAL_Driver/Src/stm32l4xx_hal_gpio.o
 .debug_line    0x0000000000001d23     0x1952 Drivers/STM32L4xx_HAL_Driver/Src/stm32l4xx_hal_i2c.o
 .debug_line    0x0000000000003675      0x923 Drivers/STM32L4xx_HAL_Driver/Src/stm32l4xx_hal_i2c_ex.o
 .debug_line    0x0000000000003f98      0xc2b Drivers/STM32L4xx_HAL_Driver/Src/stm32l4xx_hal_pwr_ex.o
 .debug_line    0x0000000000004bc3      0xb15 Drivers/STM32L4xx_HAL_Driver/Src/stm32l4xx_hal_rcc.o
 .debug_line    0x00000000000056d8      0xda8 Drivers/STM32L4xx_HAL_Driver/Src/stm32l4xx_hal_rcc_ex.o
 .debug_line    0x0000000000006480     0x1360 Drivers/STM32L4xx_HAL_Driver/Src/stm32l4xx_hal_uart.o
 .debug_line    0x00000000000077e0      0x859 Src/MMA7455.o
 .debug_line    0x0000000000008039      0x7ac Src/fonts.o
 .debug_line    0x00000000000087e5      0x8ad Src/main.o
 .debug_line    0x0000000000009092      0x8e5 Src/ssd1306.o
 .debug_line    0x0000000000009977      0x827 Src/stm32l4xx_hal_msp.o
 .debug_line    0x000000000000a19e      0x7cb Src/stm32l4xx_it.o
 .debug_line    0x000000000000a969      0x800 Src/system_stm32l4xx.o
 .debug_line    0x000000000000b169       0x7f startup/startup_stm32l476xx.o

.debug_str      0x0000000000000000    0xe3a20
 .debug_str     0x0000000000000000    0xe0003 Drivers/STM32L4xx_HAL_Driver/Src/stm32l4xx_hal.o
                                      0xe0486 (size before relaxing)
 .debug_str     0x00000000000e0003      0x3a7 Drivers/STM32L4xx_HAL_Driver/Src/stm32l4xx_hal_cortex.o
                                      0xe0139 (size before relaxing)
 .debug_str     0x00000000000e03aa      0x312 Drivers/STM32L4xx_HAL_Driver/Src/stm32l4xx_hal_gpio.o
                                      0xdfbcc (size before relaxing)
 .debug_str     0x00000000000e06bc     0x11b2 Drivers/STM32L4xx_HAL_Driver/Src/stm32l4xx_hal_i2c.o
                                      0xe09a7 (size before relaxing)
 .debug_str     0x00000000000e186e       0xb8 Drivers/STM32L4xx_HAL_Driver/Src/stm32l4xx_hal_i2c_ex.o
                                      0xdfe36 (size before relaxing)
 .debug_str     0x00000000000e1926      0x4ab Drivers/STM32L4xx_HAL_Driver/Src/stm32l4xx_hal_pwr_ex.o
                                      0xdfe07 (size before relaxing)
 .debug_str     0x00000000000e1dd1      0x494 Drivers/STM32L4xx_HAL_Driver/Src/stm32l4xx_hal_rcc.o
                                      0xdfecb (size before relaxing)
 .debug_str     0x00000000000e2265      0x609 Drivers/STM32L4xx_HAL_Driver/Src/stm32l4xx_hal_rcc_ex.o
                                      0xe00a0 (size before relaxing)
 .debug_str     0x00000000000e286e      0xab9 Drivers/STM32L4xx_HAL_Driver/Src/stm32l4xx_hal_uart.o
                                      0xe0618 (size before relaxing)
 .debug_str     0x00000000000e3327      0x40e Src/MMA7455.o
                                      0xe003d (size before relaxing)
 .debug_str     0x00000000000e3735       0x70 Src/fonts.o
                                      0xdf763 (size before relaxing)
 .debug_str     0x00000000000e37a5      0x125 Src/main.o
                                      0xe0e50 (size before relaxing)
 .debug_str     0x00000000000e38ca       0xb3 Src/ssd1306.o
                                      0xdfd79 (size before relaxing)
 .debug_str     0x00000000000e397d       0x1b Src/stm32l4xx_hal_msp.o
                                      0xe0586 (size before relaxing)
 .debug_str     0x00000000000e3998       0x38 Src/stm32l4xx_it.o
                                      0xdf735 (size before relaxing)
 .debug_str     0x00000000000e39d0       0x50 Src/system_stm32l4xx.o
                                      0xdf8f1 (size before relaxing)

.comment        0x0000000000000000       0x7f
 .comment       0x0000000000000000       0x7f Drivers/STM32L4xx_HAL_Driver/Src/stm32l4xx_hal.o
                                         0x80 (size before relaxing)
 .comment       0x000000000000007f       0x80 Drivers/STM32L4xx_HAL_Driver/Src/stm32l4xx_hal_cortex.o
 .comment       0x000000000000007f       0x80 Drivers/STM32L4xx_HAL_Driver/Src/stm32l4xx_hal_gpio.o
 .comment       0x000000000000007f       0x80 Drivers/STM32L4xx_HAL_Driver/Src/stm32l4xx_hal_i2c.o
 .comment       0x000000000000007f       0x80 Drivers/STM32L4xx_HAL_Driver/Src/stm32l4xx_hal_i2c_ex.o
 .comment       0x000000000000007f       0x80 Drivers/STM32L4xx_HAL_Driver/Src/stm32l4xx_hal_pwr_ex.o
 .comment       0x000000000000007f       0x80 Drivers/STM32L4xx_HAL_Driver/Src/stm32l4xx_hal_rcc.o
 .comment       0x000000000000007f       0x80 Drivers/STM32L4xx_HAL_Driver/Src/stm32l4xx_hal_rcc_ex.o
 .comment       0x000000000000007f       0x80 Drivers/STM32L4xx_HAL_Driver/Src/stm32l4xx_hal_uart.o
 .comment       0x000000000000007f       0x80 Src/MMA7455.o
 .comment       0x000000000000007f       0x80 Src/fonts.o
 .comment       0x000000000000007f       0x80 Src/main.o
 .comment       0x000000000000007f       0x80 Src/ssd1306.o
 .comment       0x000000000000007f       0x80 Src/stm32l4xx_hal_msp.o
 .comment       0x000000000000007f       0x80 Src/stm32l4xx_it.o
 .comment       0x000000000000007f       0x80 Src/system_stm32l4xx.o

.debug_frame    0x0000000000000000     0x1fc8
 .debug_frame   0x0000000000000000      0x23c Drivers/STM32L4xx_HAL_Driver/Src/stm32l4xx_hal.o
 .debug_frame   0x000000000000023c      0x15c Drivers/STM32L4xx_HAL_Driver/Src/stm32l4xx_hal_cortex.o
 .debug_frame   0x0000000000000398       0xd0 Drivers/STM32L4xx_HAL_Driver/Src/stm32l4xx_hal_gpio.o
 .debug_frame   0x0000000000000468      0x820 Drivers/STM32L4xx_HAL_Driver/Src/stm32l4xx_hal_i2c.o
 .debug_frame   0x0000000000000c88       0x80 Drivers/STM32L4xx_HAL_Driver/Src/stm32l4xx_hal_i2c_ex.o
 .debug_frame   0x0000000000000d08      0x278 Drivers/STM32L4xx_HAL_Driver/Src/stm32l4xx_hal_pwr_ex.o
 .debug_frame   0x0000000000000f80      0x160 Drivers/STM32L4xx_HAL_Driver/Src/stm32l4xx_hal_rcc.o
 .debug_frame   0x00000000000010e0      0x1f4 Drivers/STM32L4xx_HAL_Driver/Src/stm32l4xx_hal_rcc_ex.o
 .debug_frame   0x00000000000012d4      0x588 Drivers/STM32L4xx_HAL_Driver/Src/stm32l4xx_hal_uart.o
 .debug_frame   0x000000000000185c      0x11c Src/MMA7455.o
 .debug_frame   0x0000000000001978       0xa8 Src/main.o
 .debug_frame   0x0000000000001a20       0xe8 Src/ssd1306.o
 .debug_frame   0x0000000000001b08       0x94 Src/stm32l4xx_hal_msp.o
 .debug_frame   0x0000000000001b9c       0x28 Src/stm32l4xx_it.o
 .debug_frame   0x0000000000001bc4       0x30 Src/system_stm32l4xx.o
 .debug_frame   0x0000000000001bf4       0x2c /home/dok/Ac6/SystemWorkbench/plugins/fr.ac6.mcu.externaltools.arm-none.linux64_1.15.0.201708311556/tools/compiler/bin/../lib/gcc/arm-none-eabi/6.3.1/thumb/v7e-m/fpv4-sp/hard/libgcc.a(_aeabi_uldivmod.o)
 .debug_frame   0x0000000000001c20       0x34 /home/dok/Ac6/SystemWorkbench/plugins/fr.ac6.mcu.externaltools.arm-none.linux64_1.15.0.201708311556/tools/compiler/bin/../lib/gcc/arm-none-eabi/6.3.1/thumb/v7e-m/fpv4-sp/hard/libgcc.a(_udivmoddi4.o)
 .debug_frame   0x0000000000001c54       0x2c /home/dok/Ac6/SystemWorkbench/plugins/fr.ac6.mcu.externaltools.arm-none.linux64_1.15.0.201708311556/tools/compiler/bin/../lib/gcc/arm-none-eabi/6.3.1/../../../../arm-none-eabi/lib/thumb/v7e-m/fpv4-sp/hard/libc_nano.a(lib_a-init.o)
 .debug_frame   0x0000000000001c80       0x70 /home/dok/Ac6/SystemWorkbench/plugins/fr.ac6.mcu.externaltools.arm-none.linux64_1.15.0.201708311556/tools/compiler/bin/../lib/gcc/arm-none-eabi/6.3.1/../../../../arm-none-eabi/lib/thumb/v7e-m/fpv4-sp/hard/libc_nano.a(lib_a-sprintf.o)
 .debug_frame   0x0000000000001cf0       0x90 /home/dok/Ac6/SystemWorkbench/plugins/fr.ac6.mcu.externaltools.arm-none.linux64_1.15.0.201708311556/tools/compiler/bin/../lib/gcc/arm-none-eabi/6.3.1/../../../../arm-none-eabi/lib/thumb/v7e-m/fpv4-sp/hard/libc_nano.a(lib_a-nano-svfprintf.o)
 .debug_frame   0x0000000000001d80       0x60 /home/dok/Ac6/SystemWorkbench/plugins/fr.ac6.mcu.externaltools.arm-none.linux64_1.15.0.201708311556/tools/compiler/bin/../lib/gcc/arm-none-eabi/6.3.1/../../../../arm-none-eabi/lib/thumb/v7e-m/fpv4-sp/hard/libc_nano.a(lib_a-nano-vfprintf_i.o)
 .debug_frame   0x0000000000001de0       0x28 /home/dok/Ac6/SystemWorkbench/plugins/fr.ac6.mcu.externaltools.arm-none.linux64_1.15.0.201708311556/tools/compiler/bin/../lib/gcc/arm-none-eabi/6.3.1/../../../../arm-none-eabi/lib/thumb/v7e-m/fpv4-sp/hard/libc_nano.a(lib_a-memcpy-stub.o)
 .debug_frame   0x0000000000001e08       0x28 /home/dok/Ac6/SystemWorkbench/plugins/fr.ac6.mcu.externaltools.arm-none.linux64_1.15.0.201708311556/tools/compiler/bin/../lib/gcc/arm-none-eabi/6.3.1/../../../../arm-none-eabi/lib/thumb/v7e-m/fpv4-sp/hard/libc_nano.a(lib_a-memmove.o)
 .debug_frame   0x0000000000001e30       0x38 /home/dok/Ac6/SystemWorkbench/plugins/fr.ac6.mcu.externaltools.arm-none.linux64_1.15.0.201708311556/tools/compiler/bin/../lib/gcc/arm-none-eabi/6.3.1/../../../../arm-none-eabi/lib/thumb/v7e-m/fpv4-sp/hard/libc_nano.a(lib_a-nano-freer.o)
 .debug_frame   0x0000000000001e68       0x2c /home/dok/Ac6/SystemWorkbench/plugins/fr.ac6.mcu.externaltools.arm-none.linux64_1.15.0.201708311556/tools/compiler/bin/../lib/gcc/arm-none-eabi/6.3.1/../../../../arm-none-eabi/lib/thumb/v7e-m/fpv4-sp/hard/libc_nano.a(lib_a-nano-mallocr.o)
 .debug_frame   0x0000000000001e94       0x3c /home/dok/Ac6/SystemWorkbench/plugins/fr.ac6.mcu.externaltools.arm-none.linux64_1.15.0.201708311556/tools/compiler/bin/../lib/gcc/arm-none-eabi/6.3.1/../../../../arm-none-eabi/lib/thumb/v7e-m/fpv4-sp/hard/libc_nano.a(lib_a-nano-reallocr.o)
 .debug_frame   0x0000000000001ed0       0x2c /home/dok/Ac6/SystemWorkbench/plugins/fr.ac6.mcu.externaltools.arm-none.linux64_1.15.0.201708311556/tools/compiler/bin/../lib/gcc/arm-none-eabi/6.3.1/../../../../arm-none-eabi/lib/thumb/v7e-m/fpv4-sp/hard/libc_nano.a(lib_a-sbrkr.o)
 .debug_frame   0x0000000000001efc       0x30 /home/dok/Ac6/SystemWorkbench/plugins/fr.ac6.mcu.externaltools.arm-none.linux64_1.15.0.201708311556/tools/compiler/bin/../lib/gcc/arm-none-eabi/6.3.1/../../../../arm-none-eabi/lib/thumb/v7e-m/fpv4-sp/hard/libc_nano.a(lib_a-mlock.o)
 .debug_frame   0x0000000000001f2c       0x20 /home/dok/Ac6/SystemWorkbench/plugins/fr.ac6.mcu.externaltools.arm-none.linux64_1.15.0.201708311556/tools/compiler/bin/../lib/gcc/arm-none-eabi/6.3.1/../../../../arm-none-eabi/lib/thumb/v7e-m/fpv4-sp/hard/libc_nano.a(lib_a-nano-msizer.o)
 .debug_frame   0x0000000000001f4c       0x5c /home/dok/Ac6/SystemWorkbench/plugins/fr.ac6.mcu.externaltools.arm-none.linux64_1.15.0.201708311556/tools/compiler/bin/../lib/gcc/arm-none-eabi/6.3.1/../../../../arm-none-eabi/lib/thumb/v7e-m/fpv4-sp/hard/libc_nano.a(lib_a-reent.o)
 .debug_frame   0x0000000000001fa8       0x20 /home/dok/Ac6/SystemWorkbench/plugins/fr.ac6.mcu.externaltools.arm-none.linux64_1.15.0.201708311556/tools/compiler/bin/../lib/gcc/arm-none-eabi/6.3.1/../../../../arm-none-eabi/lib/thumb/v7e-m/fpv4-sp/hard/libnosys.a(sbrk.o)
